Analysis & Synthesis report for buscaminas
Tue Oct 17 22:38:52 2023
Quartus Prime Version 22.1std.2 Build 922 07/20/2023 SC Lite Edition


---------------------
; Table of Contents ;
---------------------
  1. Legal Notice
  2. Analysis & Synthesis Summary
  3. Analysis & Synthesis Settings
  4. Parallel Compilation
  5. Analysis & Synthesis Source Files Read
  6. Analysis & Synthesis Resource Usage Summary
  7. Analysis & Synthesis Resource Utilization by Entity
  8. Analysis & Synthesis DSP Block Usage Summary
  9. Registers Removed During Synthesis
 10. General Register Statistics
 11. Inverted Register Statistics
 12. Multiplexer Restructuring Statistics (Restructuring Performed)
 13. Parameter Settings for User Entity Instance: vga:controladorVGA|vgaController:vgaCont
 14. Parameter Settings for User Entity Instance: vga:controladorVGA|videoGen:videoGen
 15. Parameter Settings for Inferred Entity Instance: vga:controladorVGA|videoGen:videoGen|lpm_divide:Div1
 16. Parameter Settings for Inferred Entity Instance: vga:controladorVGA|videoGen:videoGen|lpm_divide:Div0
 17. Parameter Settings for Inferred Entity Instance: vga:controladorVGA|videoGen:videoGen|lpm_divide:Mod0
 18. Parameter Settings for Inferred Entity Instance: vga:controladorVGA|videoGen:videoGen|lpm_divide:Mod1
 19. Port Connectivity Checks: "vga:controladorVGA|videoGen:videoGen|rectgen:rectBG2"
 20. Port Connectivity Checks: "vga:controladorVGA|videoGen:videoGen|rectgen:rectBG1"
 21. Port Connectivity Checks: "test_matrix:my_board|random_bomb_generator:bomb_gen"
 22. Port Connectivity Checks: "test_matrix:my_board"
 23. Post-Synthesis Netlist Statistics for Top Partition
 24. Elapsed Time Per Partition
 25. Analysis & Synthesis Messages
 26. Analysis & Synthesis Suppressed Messages



----------------
; Legal Notice ;
----------------
Copyright (C) 2023  Intel Corporation. All rights reserved.
Your use of Intel Corporation's design tools, logic functions 
and other software and tools, and any partner logic 
functions, and any output files from any of the foregoing 
(including device programming or simulation files), and any 
associated documentation or information are expressly subject 
to the terms and conditions of the Intel Program License 
Subscription Agreement, the Intel Quartus Prime License Agreement,
the Intel FPGA IP License Agreement, or other applicable license
agreement, including, without limitation, that your use is for
the sole purpose of programming logic devices manufactured by
Intel and sold by Intel or its authorized distributors.  Please
refer to the applicable agreement for further details, at
https://fpgasoftware.intel.com/eula.



+----------------------------------------------------------------------------------+
; Analysis & Synthesis Summary                                                     ;
+---------------------------------+------------------------------------------------+
; Analysis & Synthesis Status     ; Successful - Tue Oct 17 22:38:52 2023          ;
; Quartus Prime Version           ; 22.1std.2 Build 922 07/20/2023 SC Lite Edition ;
; Revision Name                   ; buscaminas                                     ;
; Top-level Entity Name           ; topBuscaminas                                  ;
; Family                          ; Cyclone V                                      ;
; Logic utilization (in ALMs)     ; N/A                                            ;
; Total registers                 ; 534                                            ;
; Total pins                      ; 53                                             ;
; Total virtual pins              ; 0                                              ;
; Total block memory bits         ; 0                                              ;
; Total DSP Blocks                ; 2                                              ;
; Total HSSI RX PCSs              ; 0                                              ;
; Total HSSI PMA RX Deserializers ; 0                                              ;
; Total HSSI TX PCSs              ; 0                                              ;
; Total HSSI PMA TX Serializers   ; 0                                              ;
; Total PLLs                      ; 0                                              ;
; Total DLLs                      ; 0                                              ;
+---------------------------------+------------------------------------------------+


+---------------------------------------------------------------------------------------------------------------------------+
; Analysis & Synthesis Settings                                                                                             ;
+---------------------------------------------------------------------------------+--------------------+--------------------+
; Option                                                                          ; Setting            ; Default Value      ;
+---------------------------------------------------------------------------------+--------------------+--------------------+
; Device                                                                          ; 5CSEMA5F31C6       ;                    ;
; Top-level entity name                                                           ; topBuscaminas      ; buscaminas         ;
; Family name                                                                     ; Cyclone V          ; Cyclone V          ;
; Use smart compilation                                                           ; Off                ; Off                ;
; Enable parallel Assembler and Timing Analyzer during compilation                ; On                 ; On                 ;
; Enable compact report table                                                     ; Off                ; Off                ;
; Restructure Multiplexers                                                        ; Auto               ; Auto               ;
; MLAB Add Timing Constraints For Mixed-Port Feed-Through Mode Setting Don't Care ; Off                ; Off                ;
; Create Debugging Nodes for IP Cores                                             ; Off                ; Off                ;
; Preserve fewer node names                                                       ; On                 ; On                 ;
; Intel FPGA IP Evaluation Mode                                                   ; Enable             ; Enable             ;
; Verilog Version                                                                 ; Verilog_2001       ; Verilog_2001       ;
; VHDL Version                                                                    ; VHDL_1993          ; VHDL_1993          ;
; State Machine Processing                                                        ; Auto               ; Auto               ;
; Safe State Machine                                                              ; Off                ; Off                ;
; Extract Verilog State Machines                                                  ; On                 ; On                 ;
; Extract VHDL State Machines                                                     ; On                 ; On                 ;
; Ignore Verilog initial constructs                                               ; Off                ; Off                ;
; Iteration limit for constant Verilog loops                                      ; 5000               ; 5000               ;
; Iteration limit for non-constant Verilog loops                                  ; 250                ; 250                ;
; Add Pass-Through Logic to Inferred RAMs                                         ; On                 ; On                 ;
; Infer RAMs from Raw Logic                                                       ; On                 ; On                 ;
; Parallel Synthesis                                                              ; On                 ; On                 ;
; DSP Block Balancing                                                             ; Auto               ; Auto               ;
; NOT Gate Push-Back                                                              ; On                 ; On                 ;
; Power-Up Don't Care                                                             ; On                 ; On                 ;
; Remove Redundant Logic Cells                                                    ; Off                ; Off                ;
; Remove Duplicate Registers                                                      ; On                 ; On                 ;
; Ignore CARRY Buffers                                                            ; Off                ; Off                ;
; Ignore CASCADE Buffers                                                          ; Off                ; Off                ;
; Ignore GLOBAL Buffers                                                           ; Off                ; Off                ;
; Ignore ROW GLOBAL Buffers                                                       ; Off                ; Off                ;
; Ignore LCELL Buffers                                                            ; Off                ; Off                ;
; Ignore SOFT Buffers                                                             ; On                 ; On                 ;
; Limit AHDL Integers to 32 Bits                                                  ; Off                ; Off                ;
; Optimization Technique                                                          ; Balanced           ; Balanced           ;
; Carry Chain Length                                                              ; 70                 ; 70                 ;
; Auto Carry Chains                                                               ; On                 ; On                 ;
; Auto Open-Drain Pins                                                            ; On                 ; On                 ;
; Perform WYSIWYG Primitive Resynthesis                                           ; Off                ; Off                ;
; Auto ROM Replacement                                                            ; On                 ; On                 ;
; Auto RAM Replacement                                                            ; On                 ; On                 ;
; Auto DSP Block Replacement                                                      ; On                 ; On                 ;
; Auto Shift Register Replacement                                                 ; Auto               ; Auto               ;
; Allow Shift Register Merging across Hierarchies                                 ; Auto               ; Auto               ;
; Auto Clock Enable Replacement                                                   ; On                 ; On                 ;
; Strict RAM Replacement                                                          ; Off                ; Off                ;
; Allow Synchronous Control Signals                                               ; On                 ; On                 ;
; Force Use of Synchronous Clear Signals                                          ; Off                ; Off                ;
; Auto Resource Sharing                                                           ; Off                ; Off                ;
; Allow Any RAM Size For Recognition                                              ; Off                ; Off                ;
; Allow Any ROM Size For Recognition                                              ; Off                ; Off                ;
; Allow Any Shift Register Size For Recognition                                   ; Off                ; Off                ;
; Use LogicLock Constraints during Resource Balancing                             ; On                 ; On                 ;
; Ignore translate_off and synthesis_off directives                               ; Off                ; Off                ;
; Timing-Driven Synthesis                                                         ; On                 ; On                 ;
; Report Parameter Settings                                                       ; On                 ; On                 ;
; Report Source Assignments                                                       ; On                 ; On                 ;
; Report Connectivity Checks                                                      ; On                 ; On                 ;
; Ignore Maximum Fan-Out Assignments                                              ; Off                ; Off                ;
; Synchronization Register Chain Length                                           ; 3                  ; 3                  ;
; Power Optimization During Synthesis                                             ; Normal compilation ; Normal compilation ;
; HDL message level                                                               ; Level2             ; Level2             ;
; Suppress Register Optimization Related Messages                                 ; Off                ; Off                ;
; Number of Removed Registers Reported in Synthesis Report                        ; 5000               ; 5000               ;
; Number of Swept Nodes Reported in Synthesis Report                              ; 5000               ; 5000               ;
; Number of Inverted Registers Reported in Synthesis Report                       ; 100                ; 100                ;
; Clock MUX Protection                                                            ; On                 ; On                 ;
; Auto Gated Clock Conversion                                                     ; Off                ; Off                ;
; Block Design Naming                                                             ; Auto               ; Auto               ;
; SDC constraint protection                                                       ; Off                ; Off                ;
; Synthesis Effort                                                                ; Auto               ; Auto               ;
; Shift Register Replacement - Allow Asynchronous Clear Signal                    ; On                 ; On                 ;
; Pre-Mapping Resynthesis Optimization                                            ; Off                ; Off                ;
; Analysis & Synthesis Message Level                                              ; Medium             ; Medium             ;
; Disable Register Merging Across Hierarchies                                     ; Auto               ; Auto               ;
; Resource Aware Inference For Block RAM                                          ; On                 ; On                 ;
; Automatic Parallel Synthesis                                                    ; On                 ; On                 ;
; Partial Reconfiguration Bitstream ID                                            ; Off                ; Off                ;
+---------------------------------------------------------------------------------+--------------------+--------------------+


+------------------------------------------+
; Parallel Compilation                     ;
+----------------------------+-------------+
; Processors                 ; Number      ;
+----------------------------+-------------+
; Number detected on machine ; 12          ;
; Maximum allowed            ; 6           ;
;                            ;             ;
; Average used               ; 1.00        ;
; Maximum used               ; 6           ;
;                            ;             ;
; Usage by Processor         ; % Time Used ;
;     Processor 1            ; 100.0%      ;
;     Processor 2            ;   0.0%      ;
;     Processor 3            ;   0.0%      ;
;     Processor 4            ;   0.0%      ;
;     Processor 5            ;   0.0%      ;
;     Processor 6            ;   0.0%      ;
+----------------------------+-------------+


+---------------------------------------------------------------------------------------------------------------------------------------------------------------------------------+
; Analysis & Synthesis Source Files Read                                                                                                                                          ;
+----------------------------------+-----------------+------------------------------+-----------------------------------------------------------------------------------+---------+
; File Name with User-Entered Path ; Used in Netlist ; File Type                    ; File Name with Absolute Path                                                      ; Library ;
+----------------------------------+-----------------+------------------------------+-----------------------------------------------------------------------------------+---------+
; vga.sv                           ; yes             ; User SystemVerilog HDL File  ; D:/TEC/tdd/drayodigital_design-_lab-_2023/laboratorio4/vga.sv                     ;         ;
; vgaController.sv                 ; yes             ; User SystemVerilog HDL File  ; D:/TEC/tdd/drayodigital_design-_lab-_2023/laboratorio4/vgaController.sv           ;         ;
; videoGen.sv                      ; yes             ; User SystemVerilog HDL File  ; D:/TEC/tdd/drayodigital_design-_lab-_2023/laboratorio4/videoGen.sv                ;         ;
; rectgen.sv                       ; yes             ; User SystemVerilog HDL File  ; D:/TEC/tdd/drayodigital_design-_lab-_2023/laboratorio4/rectgen.sv                 ;         ;
; pll.sv                           ; yes             ; User SystemVerilog HDL File  ; D:/TEC/tdd/drayodigital_design-_lab-_2023/laboratorio4/pll.sv                     ;         ;
; decoder.sv                       ; yes             ; User SystemVerilog HDL File  ; D:/TEC/tdd/drayodigital_design-_lab-_2023/laboratorio4/decoder.sv                 ;         ;
; test_matrix.sv                   ; yes             ; User SystemVerilog HDL File  ; D:/TEC/tdd/drayodigital_design-_lab-_2023/laboratorio4/test_matrix.sv             ;         ;
; decoder_4bit_7seg.sv             ; yes             ; User SystemVerilog HDL File  ; D:/TEC/tdd/drayodigital_design-_lab-_2023/laboratorio4/decoder_4bit_7seg.sv       ;         ;
; topBuscaminas.sv                 ; yes             ; User SystemVerilog HDL File  ; D:/TEC/tdd/drayodigital_design-_lab-_2023/laboratorio4/topBuscaminas.sv           ;         ;
; random_bomb_generator.sv         ; yes             ; User SystemVerilog HDL File  ; D:/TEC/tdd/drayodigital_design-_lab-_2023/laboratorio4/random_bomb_generator.sv   ;         ;
; minesBoard.sv                    ; yes             ; User SystemVerilog HDL File  ; D:/TEC/tdd/drayodigital_design-_lab-_2023/laboratorio4/minesBoard.sv              ;         ;
; lpm_divide.tdf                   ; yes             ; Megafunction                 ; d:/quartuss/quartus/libraries/megafunctions/lpm_divide.tdf                        ;         ;
; abs_divider.inc                  ; yes             ; Megafunction                 ; d:/quartuss/quartus/libraries/megafunctions/abs_divider.inc                       ;         ;
; sign_div_unsign.inc              ; yes             ; Megafunction                 ; d:/quartuss/quartus/libraries/megafunctions/sign_div_unsign.inc                   ;         ;
; aglobal221.inc                   ; yes             ; Megafunction                 ; d:/quartuss/quartus/libraries/megafunctions/aglobal221.inc                        ;         ;
; db/lpm_divide_gbm.tdf            ; yes             ; Auto-Generated Megafunction  ; D:/TEC/tdd/drayodigital_design-_lab-_2023/laboratorio4/db/lpm_divide_gbm.tdf      ;         ;
; db/sign_div_unsign_mlh.tdf       ; yes             ; Auto-Generated Megafunction  ; D:/TEC/tdd/drayodigital_design-_lab-_2023/laboratorio4/db/sign_div_unsign_mlh.tdf ;         ;
; db/alt_u_div_ive.tdf             ; yes             ; Auto-Generated Megafunction  ; D:/TEC/tdd/drayodigital_design-_lab-_2023/laboratorio4/db/alt_u_div_ive.tdf       ;         ;
; db/lpm_divide_kbm.tdf            ; yes             ; Auto-Generated Megafunction  ; D:/TEC/tdd/drayodigital_design-_lab-_2023/laboratorio4/db/lpm_divide_kbm.tdf      ;         ;
; db/sign_div_unsign_qlh.tdf       ; yes             ; Auto-Generated Megafunction  ; D:/TEC/tdd/drayodigital_design-_lab-_2023/laboratorio4/db/sign_div_unsign_qlh.tdf ;         ;
; db/alt_u_div_qve.tdf             ; yes             ; Auto-Generated Megafunction  ; D:/TEC/tdd/drayodigital_design-_lab-_2023/laboratorio4/db/alt_u_div_qve.tdf       ;         ;
; db/lpm_divide_n3m.tdf            ; yes             ; Auto-Generated Megafunction  ; D:/TEC/tdd/drayodigital_design-_lab-_2023/laboratorio4/db/lpm_divide_n3m.tdf      ;         ;
; db/lpm_divide_j3m.tdf            ; yes             ; Auto-Generated Megafunction  ; D:/TEC/tdd/drayodigital_design-_lab-_2023/laboratorio4/db/lpm_divide_j3m.tdf      ;         ;
+----------------------------------+-----------------+------------------------------+-----------------------------------------------------------------------------------+---------+


+---------------------------------------------------------+
; Analysis & Synthesis Resource Usage Summary             ;
+---------------------------------------------+-----------+
; Resource                                    ; Usage     ;
+---------------------------------------------+-----------+
; Estimate of Logic utilization (ALMs needed) ; 775       ;
;                                             ;           ;
; Combinational ALUT usage for logic          ; 1266      ;
;     -- 7 input functions                    ; 1         ;
;     -- 6 input functions                    ; 277       ;
;     -- 5 input functions                    ; 232       ;
;     -- 4 input functions                    ; 134       ;
;     -- <=3 input functions                  ; 622       ;
;                                             ;           ;
; Dedicated logic registers                   ; 534       ;
;                                             ;           ;
; I/O pins                                    ; 53        ;
;                                             ;           ;
; Total DSP Blocks                            ; 2         ;
;                                             ;           ;
; Maximum fan-out node                        ; clk~input ;
; Maximum fan-out                             ; 497       ;
; Total fan-out                               ; 6352      ;
; Average fan-out                             ; 3.33      ;
+---------------------------------------------+-----------+


+----------------------------------------------------------------------------------------------------------------------------------------------------------------------------------------------------------------------------------------------------------------------------------------------------------------------------------------------------+
; Analysis & Synthesis Resource Utilization by Entity                                                                                                                                                                                                                                                                                                ;
+----------------------------------------------+---------------------+---------------------------+-------------------+------------+------+--------------+-----------------------------------------------------------------------------------------------------------------------------------------------------+-----------------------+--------------+
; Compilation Hierarchy Node                   ; Combinational ALUTs ; Dedicated Logic Registers ; Block Memory Bits ; DSP Blocks ; Pins ; Virtual Pins ; Full Hierarchy Name                                                                                                                                 ; Entity Name           ; Library Name ;
+----------------------------------------------+---------------------+---------------------------+-------------------+------------+------+--------------+-----------------------------------------------------------------------------------------------------------------------------------------------------+-----------------------+--------------+
; |topBuscaminas                               ; 1266 (19)           ; 534 (17)                  ; 0                 ; 2          ; 53   ; 0            ; |topBuscaminas                                                                                                                                      ; topBuscaminas         ; work         ;
;    |decoder_4bit_7seg:bombDis|               ; 7 (7)               ; 0 (0)                     ; 0                 ; 0          ; 0    ; 0            ; |topBuscaminas|decoder_4bit_7seg:bombDis                                                                                                            ; decoder_4bit_7seg     ; work         ;
;    |decoder_4bit_7seg:posiblesDis|           ; 7 (7)               ; 0 (0)                     ; 0                 ; 0          ; 0    ; 0            ; |topBuscaminas|decoder_4bit_7seg:posiblesDis                                                                                                        ; decoder_4bit_7seg     ; work         ;
;    |test_matrix:my_board|                    ; 524 (346)           ; 496 (330)                 ; 0                 ; 0          ; 0    ; 0            ; |topBuscaminas|test_matrix:my_board                                                                                                                 ; test_matrix           ; work         ;
;       |minesBoard:mBoard|                    ; 178 (142)           ; 166 (96)                  ; 0                 ; 0          ; 0    ; 0            ; |topBuscaminas|test_matrix:my_board|minesBoard:mBoard                                                                                               ; minesBoard            ; work         ;
;          |random_bomb_generator:bomb_gen|    ; 36 (36)             ; 70 (70)                   ; 0                 ; 0          ; 0    ; 0            ; |topBuscaminas|test_matrix:my_board|minesBoard:mBoard|random_bomb_generator:bomb_gen                                                                ; random_bomb_generator ; work         ;
;    |vga:controladorVGA|                      ; 709 (0)             ; 21 (0)                    ; 0                 ; 2          ; 0    ; 0            ; |topBuscaminas|vga:controladorVGA                                                                                                                   ; vga                   ; work         ;
;       |pll:vgapll|                           ; 1 (1)               ; 1 (1)                     ; 0                 ; 0          ; 0    ; 0            ; |topBuscaminas|vga:controladorVGA|pll:vgapll                                                                                                        ; pll                   ; work         ;
;       |vgaController:vgaCont|                ; 31 (31)             ; 20 (20)                   ; 0                 ; 0          ; 0    ; 0            ; |topBuscaminas|vga:controladorVGA|vgaController:vgaCont                                                                                             ; vgaController         ; work         ;
;       |videoGen:videoGen|                    ; 677 (267)           ; 0 (0)                     ; 0                 ; 2          ; 0    ; 0            ; |topBuscaminas|vga:controladorVGA|videoGen:videoGen                                                                                                 ; videoGen              ; work         ;
;          |lpm_divide:Div0|                   ; 139 (0)             ; 0 (0)                     ; 0                 ; 0          ; 0    ; 0            ; |topBuscaminas|vga:controladorVGA|videoGen:videoGen|lpm_divide:Div0                                                                                 ; lpm_divide            ; work         ;
;             |lpm_divide_kbm:auto_generated|  ; 139 (0)             ; 0 (0)                     ; 0                 ; 0          ; 0    ; 0            ; |topBuscaminas|vga:controladorVGA|videoGen:videoGen|lpm_divide:Div0|lpm_divide_kbm:auto_generated                                                   ; lpm_divide_kbm        ; work         ;
;                |sign_div_unsign_qlh:divider| ; 139 (0)             ; 0 (0)                     ; 0                 ; 0          ; 0    ; 0            ; |topBuscaminas|vga:controladorVGA|videoGen:videoGen|lpm_divide:Div0|lpm_divide_kbm:auto_generated|sign_div_unsign_qlh:divider                       ; sign_div_unsign_qlh   ; work         ;
;                   |alt_u_div_qve:divider|    ; 139 (139)           ; 0 (0)                     ; 0                 ; 0          ; 0    ; 0            ; |topBuscaminas|vga:controladorVGA|videoGen:videoGen|lpm_divide:Div0|lpm_divide_kbm:auto_generated|sign_div_unsign_qlh:divider|alt_u_div_qve:divider ; alt_u_div_qve         ; work         ;
;          |lpm_divide:Div1|                   ; 65 (0)              ; 0 (0)                     ; 0                 ; 0          ; 0    ; 0            ; |topBuscaminas|vga:controladorVGA|videoGen:videoGen|lpm_divide:Div1                                                                                 ; lpm_divide            ; work         ;
;             |lpm_divide_gbm:auto_generated|  ; 65 (0)              ; 0 (0)                     ; 0                 ; 0          ; 0    ; 0            ; |topBuscaminas|vga:controladorVGA|videoGen:videoGen|lpm_divide:Div1|lpm_divide_gbm:auto_generated                                                   ; lpm_divide_gbm        ; work         ;
;                |sign_div_unsign_mlh:divider| ; 65 (0)              ; 0 (0)                     ; 0                 ; 0          ; 0    ; 0            ; |topBuscaminas|vga:controladorVGA|videoGen:videoGen|lpm_divide:Div1|lpm_divide_gbm:auto_generated|sign_div_unsign_mlh:divider                       ; sign_div_unsign_mlh   ; work         ;
;                   |alt_u_div_ive:divider|    ; 65 (65)             ; 0 (0)                     ; 0                 ; 0          ; 0    ; 0            ; |topBuscaminas|vga:controladorVGA|videoGen:videoGen|lpm_divide:Div1|lpm_divide_gbm:auto_generated|sign_div_unsign_mlh:divider|alt_u_div_ive:divider ; alt_u_div_ive         ; work         ;
;          |lpm_divide:Mod0|                   ; 139 (0)             ; 0 (0)                     ; 0                 ; 0          ; 0    ; 0            ; |topBuscaminas|vga:controladorVGA|videoGen:videoGen|lpm_divide:Mod0                                                                                 ; lpm_divide            ; work         ;
;             |lpm_divide_n3m:auto_generated|  ; 139 (0)             ; 0 (0)                     ; 0                 ; 0          ; 0    ; 0            ; |topBuscaminas|vga:controladorVGA|videoGen:videoGen|lpm_divide:Mod0|lpm_divide_n3m:auto_generated                                                   ; lpm_divide_n3m        ; work         ;
;                |sign_div_unsign_qlh:divider| ; 139 (0)             ; 0 (0)                     ; 0                 ; 0          ; 0    ; 0            ; |topBuscaminas|vga:controladorVGA|videoGen:videoGen|lpm_divide:Mod0|lpm_divide_n3m:auto_generated|sign_div_unsign_qlh:divider                       ; sign_div_unsign_qlh   ; work         ;
;                   |alt_u_div_qve:divider|    ; 139 (139)           ; 0 (0)                     ; 0                 ; 0          ; 0    ; 0            ; |topBuscaminas|vga:controladorVGA|videoGen:videoGen|lpm_divide:Mod0|lpm_divide_n3m:auto_generated|sign_div_unsign_qlh:divider|alt_u_div_qve:divider ; alt_u_div_qve         ; work         ;
;          |lpm_divide:Mod1|                   ; 65 (0)              ; 0 (0)                     ; 0                 ; 0          ; 0    ; 0            ; |topBuscaminas|vga:controladorVGA|videoGen:videoGen|lpm_divide:Mod1                                                                                 ; lpm_divide            ; work         ;
;             |lpm_divide_j3m:auto_generated|  ; 65 (0)              ; 0 (0)                     ; 0                 ; 0          ; 0    ; 0            ; |topBuscaminas|vga:controladorVGA|videoGen:videoGen|lpm_divide:Mod1|lpm_divide_j3m:auto_generated                                                   ; lpm_divide_j3m        ; work         ;
;                |sign_div_unsign_mlh:divider| ; 65 (0)              ; 0 (0)                     ; 0                 ; 0          ; 0    ; 0            ; |topBuscaminas|vga:controladorVGA|videoGen:videoGen|lpm_divide:Mod1|lpm_divide_j3m:auto_generated|sign_div_unsign_mlh:divider                       ; sign_div_unsign_mlh   ; work         ;
;                   |alt_u_div_ive:divider|    ; 65 (65)             ; 0 (0)                     ; 0                 ; 0          ; 0    ; 0            ; |topBuscaminas|vga:controladorVGA|videoGen:videoGen|lpm_divide:Mod1|lpm_divide_j3m:auto_generated|sign_div_unsign_mlh:divider|alt_u_div_ive:divider ; alt_u_div_ive         ; work         ;
;          |rectgen:rectBG1|                   ; 1 (1)               ; 0 (0)                     ; 0                 ; 0          ; 0    ; 0            ; |topBuscaminas|vga:controladorVGA|videoGen:videoGen|rectgen:rectBG1                                                                                 ; rectgen               ; work         ;
;          |rectgen:rectBG2|                   ; 1 (1)               ; 0 (0)                     ; 0                 ; 0          ; 0    ; 0            ; |topBuscaminas|vga:controladorVGA|videoGen:videoGen|rectgen:rectBG2                                                                                 ; rectgen               ; work         ;
+----------------------------------------------+---------------------+---------------------------+-------------------+------------+------+--------------+-----------------------------------------------------------------------------------------------------------------------------------------------------+-----------------------+--------------+
Note: For table entries with two numbers listed, the numbers in parentheses indicate the number of resources of the given type used by the specific entity alone. The numbers listed outside of parentheses indicate the total resources of the given type used by the specific entity and all of its sub-entities in the hierarchy.


+-----------------------------------------------+
; Analysis & Synthesis DSP Block Usage Summary  ;
+---------------------------------+-------------+
; Statistic                       ; Number Used ;
+---------------------------------+-------------+
; Two Independent 18x18           ; 1           ;
; Independent 18x18 plus 36       ; 1           ;
; Total number of DSP blocks      ; 2           ;
;                                 ;             ;
; Fixed Point Unsigned Multiplier ; 2           ;
+---------------------------------+-------------+


+-----------------------------------------------------------------------------------+
; Registers Removed During Synthesis                                                ;
+------------------------------------------+----------------------------------------+
; Register name                            ; Reason for Removal                     ;
+------------------------------------------+----------------------------------------+
; test_matrix:my_board|board[7][7][6]      ; Stuck at GND due to stuck port data_in ;
; test_matrix:my_board|board[7][7][5]      ; Stuck at GND due to stuck port data_in ;
; test_matrix:my_board|board[7][7][4]      ; Stuck at GND due to stuck port data_in ;
; test_matrix:my_board|board[7][6][6]      ; Stuck at GND due to stuck port data_in ;
; test_matrix:my_board|board[7][6][5]      ; Stuck at GND due to stuck port data_in ;
; test_matrix:my_board|board[7][6][4]      ; Stuck at GND due to stuck port data_in ;
; test_matrix:my_board|board[7][5][6]      ; Stuck at GND due to stuck port data_in ;
; test_matrix:my_board|board[7][5][5]      ; Stuck at GND due to stuck port data_in ;
; test_matrix:my_board|board[7][5][4]      ; Stuck at GND due to stuck port data_in ;
; test_matrix:my_board|board[7][4][6]      ; Stuck at GND due to stuck port data_in ;
; test_matrix:my_board|board[7][4][5]      ; Stuck at GND due to stuck port data_in ;
; test_matrix:my_board|board[7][4][4]      ; Stuck at GND due to stuck port data_in ;
; test_matrix:my_board|board[7][3][6]      ; Stuck at GND due to stuck port data_in ;
; test_matrix:my_board|board[7][3][5]      ; Stuck at GND due to stuck port data_in ;
; test_matrix:my_board|board[7][3][4]      ; Stuck at GND due to stuck port data_in ;
; test_matrix:my_board|board[7][2][6]      ; Stuck at GND due to stuck port data_in ;
; test_matrix:my_board|board[7][2][5]      ; Stuck at GND due to stuck port data_in ;
; test_matrix:my_board|board[7][2][4]      ; Stuck at GND due to stuck port data_in ;
; test_matrix:my_board|board[7][1][6]      ; Stuck at GND due to stuck port data_in ;
; test_matrix:my_board|board[7][1][5]      ; Stuck at GND due to stuck port data_in ;
; test_matrix:my_board|board[7][1][4]      ; Stuck at GND due to stuck port data_in ;
; test_matrix:my_board|board[7][0][6]      ; Stuck at GND due to stuck port data_in ;
; test_matrix:my_board|board[7][0][5]      ; Stuck at GND due to stuck port data_in ;
; test_matrix:my_board|board[7][0][4]      ; Stuck at GND due to stuck port data_in ;
; test_matrix:my_board|board[6][7][6]      ; Stuck at GND due to stuck port data_in ;
; test_matrix:my_board|board[6][7][5]      ; Stuck at GND due to stuck port data_in ;
; test_matrix:my_board|board[6][7][4]      ; Stuck at GND due to stuck port data_in ;
; test_matrix:my_board|board[6][6][6]      ; Stuck at GND due to stuck port data_in ;
; test_matrix:my_board|board[6][6][5]      ; Stuck at GND due to stuck port data_in ;
; test_matrix:my_board|board[6][6][4]      ; Stuck at GND due to stuck port data_in ;
; test_matrix:my_board|board[6][5][6]      ; Stuck at GND due to stuck port data_in ;
; test_matrix:my_board|board[6][5][5]      ; Stuck at GND due to stuck port data_in ;
; test_matrix:my_board|board[6][5][4]      ; Stuck at GND due to stuck port data_in ;
; test_matrix:my_board|board[6][4][6]      ; Stuck at GND due to stuck port data_in ;
; test_matrix:my_board|board[6][4][5]      ; Stuck at GND due to stuck port data_in ;
; test_matrix:my_board|board[6][4][4]      ; Stuck at GND due to stuck port data_in ;
; test_matrix:my_board|board[6][3][6]      ; Stuck at GND due to stuck port data_in ;
; test_matrix:my_board|board[6][3][5]      ; Stuck at GND due to stuck port data_in ;
; test_matrix:my_board|board[6][3][4]      ; Stuck at GND due to stuck port data_in ;
; test_matrix:my_board|board[6][2][6]      ; Stuck at GND due to stuck port data_in ;
; test_matrix:my_board|board[6][2][5]      ; Stuck at GND due to stuck port data_in ;
; test_matrix:my_board|board[6][2][4]      ; Stuck at GND due to stuck port data_in ;
; test_matrix:my_board|board[6][1][6]      ; Stuck at GND due to stuck port data_in ;
; test_matrix:my_board|board[6][1][5]      ; Stuck at GND due to stuck port data_in ;
; test_matrix:my_board|board[6][1][4]      ; Stuck at GND due to stuck port data_in ;
; test_matrix:my_board|board[6][0][6]      ; Stuck at GND due to stuck port data_in ;
; test_matrix:my_board|board[6][0][5]      ; Stuck at GND due to stuck port data_in ;
; test_matrix:my_board|board[6][0][4]      ; Stuck at GND due to stuck port data_in ;
; test_matrix:my_board|board[5][7][6]      ; Stuck at GND due to stuck port data_in ;
; test_matrix:my_board|board[5][7][5]      ; Stuck at GND due to stuck port data_in ;
; test_matrix:my_board|board[5][7][4]      ; Stuck at GND due to stuck port data_in ;
; test_matrix:my_board|board[5][6][6]      ; Stuck at GND due to stuck port data_in ;
; test_matrix:my_board|board[5][6][5]      ; Stuck at GND due to stuck port data_in ;
; test_matrix:my_board|board[5][6][4]      ; Stuck at GND due to stuck port data_in ;
; test_matrix:my_board|board[5][5][6]      ; Stuck at GND due to stuck port data_in ;
; test_matrix:my_board|board[5][5][5]      ; Stuck at GND due to stuck port data_in ;
; test_matrix:my_board|board[5][5][4]      ; Stuck at GND due to stuck port data_in ;
; test_matrix:my_board|board[5][4][6]      ; Stuck at GND due to stuck port data_in ;
; test_matrix:my_board|board[5][4][5]      ; Stuck at GND due to stuck port data_in ;
; test_matrix:my_board|board[5][4][4]      ; Stuck at GND due to stuck port data_in ;
; test_matrix:my_board|board[5][3][6]      ; Stuck at GND due to stuck port data_in ;
; test_matrix:my_board|board[5][3][5]      ; Stuck at GND due to stuck port data_in ;
; test_matrix:my_board|board[5][3][4]      ; Stuck at GND due to stuck port data_in ;
; test_matrix:my_board|board[5][2][6]      ; Stuck at GND due to stuck port data_in ;
; test_matrix:my_board|board[5][2][5]      ; Stuck at GND due to stuck port data_in ;
; test_matrix:my_board|board[5][2][4]      ; Stuck at GND due to stuck port data_in ;
; test_matrix:my_board|board[5][1][6]      ; Stuck at GND due to stuck port data_in ;
; test_matrix:my_board|board[5][1][5]      ; Stuck at GND due to stuck port data_in ;
; test_matrix:my_board|board[5][1][4]      ; Stuck at GND due to stuck port data_in ;
; test_matrix:my_board|board[5][0][6]      ; Stuck at GND due to stuck port data_in ;
; test_matrix:my_board|board[5][0][5]      ; Stuck at GND due to stuck port data_in ;
; test_matrix:my_board|board[5][0][4]      ; Stuck at GND due to stuck port data_in ;
; test_matrix:my_board|board[4][7][6]      ; Stuck at GND due to stuck port data_in ;
; test_matrix:my_board|board[4][7][5]      ; Stuck at GND due to stuck port data_in ;
; test_matrix:my_board|board[4][7][4]      ; Stuck at GND due to stuck port data_in ;
; test_matrix:my_board|board[4][6][6]      ; Stuck at GND due to stuck port data_in ;
; test_matrix:my_board|board[4][6][5]      ; Stuck at GND due to stuck port data_in ;
; test_matrix:my_board|board[4][6][4]      ; Stuck at GND due to stuck port data_in ;
; test_matrix:my_board|board[4][5][6]      ; Stuck at GND due to stuck port data_in ;
; test_matrix:my_board|board[4][5][5]      ; Stuck at GND due to stuck port data_in ;
; test_matrix:my_board|board[4][5][4]      ; Stuck at GND due to stuck port data_in ;
; test_matrix:my_board|board[4][4][6]      ; Stuck at GND due to stuck port data_in ;
; test_matrix:my_board|board[4][4][5]      ; Stuck at GND due to stuck port data_in ;
; test_matrix:my_board|board[4][4][4]      ; Stuck at GND due to stuck port data_in ;
; test_matrix:my_board|board[4][3][6]      ; Stuck at GND due to stuck port data_in ;
; test_matrix:my_board|board[4][3][5]      ; Stuck at GND due to stuck port data_in ;
; test_matrix:my_board|board[4][3][4]      ; Stuck at GND due to stuck port data_in ;
; test_matrix:my_board|board[4][2][6]      ; Stuck at GND due to stuck port data_in ;
; test_matrix:my_board|board[4][2][5]      ; Stuck at GND due to stuck port data_in ;
; test_matrix:my_board|board[4][2][4]      ; Stuck at GND due to stuck port data_in ;
; test_matrix:my_board|board[4][1][6]      ; Stuck at GND due to stuck port data_in ;
; test_matrix:my_board|board[4][1][5]      ; Stuck at GND due to stuck port data_in ;
; test_matrix:my_board|board[4][1][4]      ; Stuck at GND due to stuck port data_in ;
; test_matrix:my_board|board[4][0][6]      ; Stuck at GND due to stuck port data_in ;
; test_matrix:my_board|board[4][0][5]      ; Stuck at GND due to stuck port data_in ;
; test_matrix:my_board|board[4][0][4]      ; Stuck at GND due to stuck port data_in ;
; test_matrix:my_board|board[3][7][6]      ; Stuck at GND due to stuck port data_in ;
; test_matrix:my_board|board[3][7][5]      ; Stuck at GND due to stuck port data_in ;
; test_matrix:my_board|board[3][7][4]      ; Stuck at GND due to stuck port data_in ;
; test_matrix:my_board|board[3][6][6]      ; Stuck at GND due to stuck port data_in ;
; test_matrix:my_board|board[3][6][5]      ; Stuck at GND due to stuck port data_in ;
; test_matrix:my_board|board[3][6][4]      ; Stuck at GND due to stuck port data_in ;
; test_matrix:my_board|board[3][5][6]      ; Stuck at GND due to stuck port data_in ;
; test_matrix:my_board|board[3][5][5]      ; Stuck at GND due to stuck port data_in ;
; test_matrix:my_board|board[3][5][4]      ; Stuck at GND due to stuck port data_in ;
; test_matrix:my_board|board[3][4][6]      ; Stuck at GND due to stuck port data_in ;
; test_matrix:my_board|board[3][4][5]      ; Stuck at GND due to stuck port data_in ;
; test_matrix:my_board|board[3][4][4]      ; Stuck at GND due to stuck port data_in ;
; test_matrix:my_board|board[3][3][6]      ; Stuck at GND due to stuck port data_in ;
; test_matrix:my_board|board[3][3][5]      ; Stuck at GND due to stuck port data_in ;
; test_matrix:my_board|board[3][3][4]      ; Stuck at GND due to stuck port data_in ;
; test_matrix:my_board|board[3][2][6]      ; Stuck at GND due to stuck port data_in ;
; test_matrix:my_board|board[3][2][5]      ; Stuck at GND due to stuck port data_in ;
; test_matrix:my_board|board[3][2][4]      ; Stuck at GND due to stuck port data_in ;
; test_matrix:my_board|board[3][1][6]      ; Stuck at GND due to stuck port data_in ;
; test_matrix:my_board|board[3][1][5]      ; Stuck at GND due to stuck port data_in ;
; test_matrix:my_board|board[3][1][4]      ; Stuck at GND due to stuck port data_in ;
; test_matrix:my_board|board[3][0][6]      ; Stuck at GND due to stuck port data_in ;
; test_matrix:my_board|board[3][0][5]      ; Stuck at GND due to stuck port data_in ;
; test_matrix:my_board|board[3][0][4]      ; Stuck at GND due to stuck port data_in ;
; test_matrix:my_board|board[2][7][6]      ; Stuck at GND due to stuck port data_in ;
; test_matrix:my_board|board[2][7][5]      ; Stuck at GND due to stuck port data_in ;
; test_matrix:my_board|board[2][7][4]      ; Stuck at GND due to stuck port data_in ;
; test_matrix:my_board|board[2][6][6]      ; Stuck at GND due to stuck port data_in ;
; test_matrix:my_board|board[2][6][5]      ; Stuck at GND due to stuck port data_in ;
; test_matrix:my_board|board[2][6][4]      ; Stuck at GND due to stuck port data_in ;
; test_matrix:my_board|board[2][5][6]      ; Stuck at GND due to stuck port data_in ;
; test_matrix:my_board|board[2][5][5]      ; Stuck at GND due to stuck port data_in ;
; test_matrix:my_board|board[2][5][4]      ; Stuck at GND due to stuck port data_in ;
; test_matrix:my_board|board[2][4][6]      ; Stuck at GND due to stuck port data_in ;
; test_matrix:my_board|board[2][4][5]      ; Stuck at GND due to stuck port data_in ;
; test_matrix:my_board|board[2][4][4]      ; Stuck at GND due to stuck port data_in ;
; test_matrix:my_board|board[2][3][6]      ; Stuck at GND due to stuck port data_in ;
; test_matrix:my_board|board[2][3][5]      ; Stuck at GND due to stuck port data_in ;
; test_matrix:my_board|board[2][3][4]      ; Stuck at GND due to stuck port data_in ;
; test_matrix:my_board|board[2][2][6]      ; Stuck at GND due to stuck port data_in ;
; test_matrix:my_board|board[2][2][5]      ; Stuck at GND due to stuck port data_in ;
; test_matrix:my_board|board[2][2][4]      ; Stuck at GND due to stuck port data_in ;
; test_matrix:my_board|board[2][1][6]      ; Stuck at GND due to stuck port data_in ;
; test_matrix:my_board|board[2][1][5]      ; Stuck at GND due to stuck port data_in ;
; test_matrix:my_board|board[2][1][4]      ; Stuck at GND due to stuck port data_in ;
; test_matrix:my_board|board[2][0][6]      ; Stuck at GND due to stuck port data_in ;
; test_matrix:my_board|board[2][0][5]      ; Stuck at GND due to stuck port data_in ;
; test_matrix:my_board|board[2][0][4]      ; Stuck at GND due to stuck port data_in ;
; test_matrix:my_board|board[1][7][6]      ; Stuck at GND due to stuck port data_in ;
; test_matrix:my_board|board[1][7][5]      ; Stuck at GND due to stuck port data_in ;
; test_matrix:my_board|board[1][7][4]      ; Stuck at GND due to stuck port data_in ;
; test_matrix:my_board|board[1][6][6]      ; Stuck at GND due to stuck port data_in ;
; test_matrix:my_board|board[1][6][5]      ; Stuck at GND due to stuck port data_in ;
; test_matrix:my_board|board[1][6][4]      ; Stuck at GND due to stuck port data_in ;
; test_matrix:my_board|board[1][5][6]      ; Stuck at GND due to stuck port data_in ;
; test_matrix:my_board|board[1][5][5]      ; Stuck at GND due to stuck port data_in ;
; test_matrix:my_board|board[1][5][4]      ; Stuck at GND due to stuck port data_in ;
; test_matrix:my_board|board[1][4][6]      ; Stuck at GND due to stuck port data_in ;
; test_matrix:my_board|board[1][4][5]      ; Stuck at GND due to stuck port data_in ;
; test_matrix:my_board|board[1][4][4]      ; Stuck at GND due to stuck port data_in ;
; test_matrix:my_board|board[1][3][6]      ; Stuck at GND due to stuck port data_in ;
; test_matrix:my_board|board[1][3][5]      ; Stuck at GND due to stuck port data_in ;
; test_matrix:my_board|board[1][3][4]      ; Stuck at GND due to stuck port data_in ;
; test_matrix:my_board|board[1][2][6]      ; Stuck at GND due to stuck port data_in ;
; test_matrix:my_board|board[1][2][5]      ; Stuck at GND due to stuck port data_in ;
; test_matrix:my_board|board[1][2][4]      ; Stuck at GND due to stuck port data_in ;
; test_matrix:my_board|board[1][1][6]      ; Stuck at GND due to stuck port data_in ;
; test_matrix:my_board|board[1][1][5]      ; Stuck at GND due to stuck port data_in ;
; test_matrix:my_board|board[1][1][4]      ; Stuck at GND due to stuck port data_in ;
; test_matrix:my_board|board[1][0][6]      ; Stuck at GND due to stuck port data_in ;
; test_matrix:my_board|board[1][0][5]      ; Stuck at GND due to stuck port data_in ;
; test_matrix:my_board|board[1][0][4]      ; Stuck at GND due to stuck port data_in ;
; test_matrix:my_board|board[0][7][6]      ; Stuck at GND due to stuck port data_in ;
; test_matrix:my_board|board[0][7][5]      ; Stuck at GND due to stuck port data_in ;
; test_matrix:my_board|board[0][7][4]      ; Stuck at GND due to stuck port data_in ;
; test_matrix:my_board|board[0][6][6]      ; Stuck at GND due to stuck port data_in ;
; test_matrix:my_board|board[0][6][5]      ; Stuck at GND due to stuck port data_in ;
; test_matrix:my_board|board[0][6][4]      ; Stuck at GND due to stuck port data_in ;
; test_matrix:my_board|board[0][5][6]      ; Stuck at GND due to stuck port data_in ;
; test_matrix:my_board|board[0][5][5]      ; Stuck at GND due to stuck port data_in ;
; test_matrix:my_board|board[0][5][4]      ; Stuck at GND due to stuck port data_in ;
; test_matrix:my_board|board[0][4][6]      ; Stuck at GND due to stuck port data_in ;
; test_matrix:my_board|board[0][4][5]      ; Stuck at GND due to stuck port data_in ;
; test_matrix:my_board|board[0][4][4]      ; Stuck at GND due to stuck port data_in ;
; test_matrix:my_board|board[0][3][6]      ; Stuck at GND due to stuck port data_in ;
; test_matrix:my_board|board[0][3][5]      ; Stuck at GND due to stuck port data_in ;
; test_matrix:my_board|board[0][3][4]      ; Stuck at GND due to stuck port data_in ;
; test_matrix:my_board|board[0][2][6]      ; Stuck at GND due to stuck port data_in ;
; test_matrix:my_board|board[0][2][5]      ; Stuck at GND due to stuck port data_in ;
; test_matrix:my_board|board[0][2][4]      ; Stuck at GND due to stuck port data_in ;
; test_matrix:my_board|board[0][1][6]      ; Stuck at GND due to stuck port data_in ;
; test_matrix:my_board|board[0][1][5]      ; Stuck at GND due to stuck port data_in ;
; test_matrix:my_board|board[0][1][4]      ; Stuck at GND due to stuck port data_in ;
; test_matrix:my_board|board[0][0][6]      ; Stuck at GND due to stuck port data_in ;
; test_matrix:my_board|board[0][0][5]      ; Stuck at GND due to stuck port data_in ;
; test_matrix:my_board|board[0][0][4]      ; Stuck at GND due to stuck port data_in ;
; test_matrix:my_board|real_state[7][7][2] ; Stuck at GND due to stuck port data_in ;
; test_matrix:my_board|real_state[7][6][2] ; Stuck at GND due to stuck port data_in ;
; test_matrix:my_board|real_state[7][5][2] ; Stuck at GND due to stuck port data_in ;
; test_matrix:my_board|real_state[7][4][2] ; Stuck at GND due to stuck port data_in ;
; test_matrix:my_board|real_state[7][3][2] ; Stuck at GND due to stuck port data_in ;
; test_matrix:my_board|real_state[7][2][2] ; Stuck at GND due to stuck port data_in ;
; test_matrix:my_board|real_state[7][1][2] ; Stuck at GND due to stuck port data_in ;
; test_matrix:my_board|real_state[7][0][2] ; Stuck at GND due to stuck port data_in ;
; test_matrix:my_board|real_state[6][7][2] ; Stuck at GND due to stuck port data_in ;
; test_matrix:my_board|real_state[6][6][2] ; Stuck at GND due to stuck port data_in ;
; test_matrix:my_board|real_state[6][5][2] ; Stuck at GND due to stuck port data_in ;
; test_matrix:my_board|real_state[6][4][2] ; Stuck at GND due to stuck port data_in ;
; test_matrix:my_board|real_state[6][3][2] ; Stuck at GND due to stuck port data_in ;
; test_matrix:my_board|real_state[6][2][2] ; Stuck at GND due to stuck port data_in ;
; test_matrix:my_board|real_state[6][1][2] ; Stuck at GND due to stuck port data_in ;
; test_matrix:my_board|real_state[6][0][2] ; Stuck at GND due to stuck port data_in ;
; test_matrix:my_board|real_state[5][7][2] ; Stuck at GND due to stuck port data_in ;
; test_matrix:my_board|real_state[5][6][2] ; Stuck at GND due to stuck port data_in ;
; test_matrix:my_board|real_state[5][5][2] ; Stuck at GND due to stuck port data_in ;
; test_matrix:my_board|real_state[5][4][2] ; Stuck at GND due to stuck port data_in ;
; test_matrix:my_board|real_state[5][3][2] ; Stuck at GND due to stuck port data_in ;
; test_matrix:my_board|real_state[5][2][2] ; Stuck at GND due to stuck port data_in ;
; test_matrix:my_board|real_state[5][1][2] ; Stuck at GND due to stuck port data_in ;
; test_matrix:my_board|real_state[5][0][2] ; Stuck at GND due to stuck port data_in ;
; test_matrix:my_board|real_state[4][7][2] ; Stuck at GND due to stuck port data_in ;
; test_matrix:my_board|real_state[4][6][2] ; Stuck at GND due to stuck port data_in ;
; test_matrix:my_board|real_state[4][5][2] ; Stuck at GND due to stuck port data_in ;
; test_matrix:my_board|real_state[4][4][2] ; Stuck at GND due to stuck port data_in ;
; test_matrix:my_board|real_state[4][3][2] ; Stuck at GND due to stuck port data_in ;
; test_matrix:my_board|real_state[4][2][2] ; Stuck at GND due to stuck port data_in ;
; test_matrix:my_board|real_state[4][1][2] ; Stuck at GND due to stuck port data_in ;
; test_matrix:my_board|real_state[4][0][2] ; Stuck at GND due to stuck port data_in ;
; test_matrix:my_board|real_state[3][7][2] ; Stuck at GND due to stuck port data_in ;
; test_matrix:my_board|real_state[3][6][2] ; Stuck at GND due to stuck port data_in ;
; test_matrix:my_board|real_state[3][5][2] ; Stuck at GND due to stuck port data_in ;
; test_matrix:my_board|real_state[3][4][2] ; Stuck at GND due to stuck port data_in ;
; test_matrix:my_board|real_state[3][3][2] ; Stuck at GND due to stuck port data_in ;
; test_matrix:my_board|real_state[3][2][2] ; Stuck at GND due to stuck port data_in ;
; test_matrix:my_board|real_state[3][1][2] ; Stuck at GND due to stuck port data_in ;
; test_matrix:my_board|real_state[3][0][2] ; Stuck at GND due to stuck port data_in ;
; test_matrix:my_board|real_state[2][7][2] ; Stuck at GND due to stuck port data_in ;
; test_matrix:my_board|real_state[2][6][2] ; Stuck at GND due to stuck port data_in ;
; test_matrix:my_board|real_state[2][5][2] ; Stuck at GND due to stuck port data_in ;
; test_matrix:my_board|real_state[2][4][2] ; Stuck at GND due to stuck port data_in ;
; test_matrix:my_board|real_state[2][3][2] ; Stuck at GND due to stuck port data_in ;
; test_matrix:my_board|real_state[2][2][2] ; Stuck at GND due to stuck port data_in ;
; test_matrix:my_board|real_state[2][1][2] ; Stuck at GND due to stuck port data_in ;
; test_matrix:my_board|real_state[2][0][2] ; Stuck at GND due to stuck port data_in ;
; test_matrix:my_board|real_state[1][7][2] ; Stuck at GND due to stuck port data_in ;
; test_matrix:my_board|real_state[1][6][2] ; Stuck at GND due to stuck port data_in ;
; test_matrix:my_board|real_state[1][5][2] ; Stuck at GND due to stuck port data_in ;
; test_matrix:my_board|real_state[1][4][2] ; Stuck at GND due to stuck port data_in ;
; test_matrix:my_board|real_state[1][3][2] ; Stuck at GND due to stuck port data_in ;
; test_matrix:my_board|real_state[1][2][2] ; Stuck at GND due to stuck port data_in ;
; test_matrix:my_board|real_state[1][1][2] ; Stuck at GND due to stuck port data_in ;
; test_matrix:my_board|real_state[1][0][2] ; Stuck at GND due to stuck port data_in ;
; test_matrix:my_board|real_state[0][7][2] ; Stuck at GND due to stuck port data_in ;
; test_matrix:my_board|real_state[0][6][2] ; Stuck at GND due to stuck port data_in ;
; test_matrix:my_board|real_state[0][5][2] ; Stuck at GND due to stuck port data_in ;
; test_matrix:my_board|real_state[0][4][2] ; Stuck at GND due to stuck port data_in ;
; test_matrix:my_board|real_state[0][3][2] ; Stuck at GND due to stuck port data_in ;
; test_matrix:my_board|real_state[0][2][2] ; Stuck at GND due to stuck port data_in ;
; test_matrix:my_board|real_state[0][1][2] ; Stuck at GND due to stuck port data_in ;
; test_matrix:my_board|real_state[0][0][2] ; Stuck at GND due to stuck port data_in ;
; selectedxcounter[3]                      ; Lost fanout                            ;
; selectedycounter[3]                      ; Lost fanout                            ;
; Total Number of Removed Registers = 258  ;                                        ;
+------------------------------------------+----------------------------------------+


+------------------------------------------------------+
; General Register Statistics                          ;
+----------------------------------------------+-------+
; Statistic                                    ; Value ;
+----------------------------------------------+-------+
; Total registers                              ; 534   ;
; Number of registers using Synchronous Clear  ; 20    ;
; Number of registers using Synchronous Load   ; 0     ;
; Number of registers using Asynchronous Clear ; 411   ;
; Number of registers using Asynchronous Load  ; 0     ;
; Number of registers using Clock Enable       ; 48    ;
; Number of registers using Preset             ; 0     ;
+----------------------------------------------+-------+


+-------------------------------------------------------------------------------------------+
; Inverted Register Statistics                                                              ;
+---------------------------------------------------------------------------------+---------+
; Inverted Register                                                               ; Fan out ;
+---------------------------------------------------------------------------------+---------+
; test_matrix:my_board|minesBoard:mBoard|random_bomb_generator:bomb_gen|mt[3][4]  ; 1       ;
; test_matrix:my_board|minesBoard:mBoard|random_bomb_generator:bomb_gen|mt[2][4]  ; 2       ;
; test_matrix:my_board|minesBoard:mBoard|random_bomb_generator:bomb_gen|mt[0][5]  ; 2       ;
; test_matrix:my_board|minesBoard:mBoard|random_bomb_generator:bomb_gen|mt[2][3]  ; 2       ;
; test_matrix:my_board|minesBoard:mBoard|random_bomb_generator:bomb_gen|mt[0][4]  ; 2       ;
; test_matrix:my_board|minesBoard:mBoard|random_bomb_generator:bomb_gen|mt[3][5]  ; 1       ;
; test_matrix:my_board|minesBoard:mBoard|random_bomb_generator:bomb_gen|mt[2][5]  ; 2       ;
; test_matrix:my_board|minesBoard:mBoard|random_bomb_generator:bomb_gen|mt[0][2]  ; 2       ;
; test_matrix:my_board|minesBoard:mBoard|random_bomb_generator:bomb_gen|mt[2][2]  ; 2       ;
; test_matrix:my_board|minesBoard:mBoard|random_bomb_generator:bomb_gen|mt[1][4]  ; 1       ;
; test_matrix:my_board|minesBoard:mBoard|random_bomb_generator:bomb_gen|mt[1][3]  ; 1       ;
; test_matrix:my_board|minesBoard:mBoard|random_bomb_generator:bomb_gen|mt[1][5]  ; 1       ;
; test_matrix:my_board|minesBoard:mBoard|random_bomb_generator:bomb_gen|mt[3][6]  ; 1       ;
; test_matrix:my_board|minesBoard:mBoard|random_bomb_generator:bomb_gen|mt[1][6]  ; 1       ;
; test_matrix:my_board|minesBoard:mBoard|random_bomb_generator:bomb_gen|mt[3][7]  ; 1       ;
; test_matrix:my_board|minesBoard:mBoard|random_bomb_generator:bomb_gen|mt[2][7]  ; 2       ;
; test_matrix:my_board|minesBoard:mBoard|random_bomb_generator:bomb_gen|mt[0][9]  ; 2       ;
; test_matrix:my_board|minesBoard:mBoard|random_bomb_generator:bomb_gen|mt[3][9]  ; 1       ;
; test_matrix:my_board|minesBoard:mBoard|random_bomb_generator:bomb_gen|mt[2][9]  ; 2       ;
; test_matrix:my_board|minesBoard:mBoard|random_bomb_generator:bomb_gen|mt[1][9]  ; 1       ;
; test_matrix:my_board|minesBoard:mBoard|random_bomb_generator:bomb_gen|mt[3][10] ; 1       ;
; test_matrix:my_board|minesBoard:mBoard|random_bomb_generator:bomb_gen|mt[1][10] ; 1       ;
; test_matrix:my_board|minesBoard:mBoard|random_bomb_generator:bomb_gen|mt[3][11] ; 1       ;
; test_matrix:my_board|minesBoard:mBoard|random_bomb_generator:bomb_gen|mt[2][11] ; 2       ;
; test_matrix:my_board|minesBoard:mBoard|random_bomb_generator:bomb_gen|mt[0][12] ; 2       ;
; test_matrix:my_board|minesBoard:mBoard|random_bomb_generator:bomb_gen|mt[3][12] ; 1       ;
; test_matrix:my_board|minesBoard:mBoard|random_bomb_generator:bomb_gen|mt[2][12] ; 2       ;
; test_matrix:my_board|minesBoard:mBoard|random_bomb_generator:bomb_gen|mt[1][12] ; 1       ;
; test_matrix:my_board|minesBoard:mBoard|random_bomb_generator:bomb_gen|mt[3][14] ; 1       ;
; test_matrix:my_board|minesBoard:mBoard|random_bomb_generator:bomb_gen|mt[1][14] ; 1       ;
; test_matrix:my_board|minesBoard:mBoard|random_bomb_generator:bomb_gen|mt[3][15] ; 1       ;
; test_matrix:my_board|minesBoard:mBoard|random_bomb_generator:bomb_gen|mt[2][15] ; 2       ;
; Total number of inverted registers = 32                                         ;         ;
+---------------------------------------------------------------------------------+---------+


+-------------------------------------------------------------------------------------------------------------------------------------------------------------------------+
; Multiplexer Restructuring Statistics (Restructuring Performed)                                                                                                          ;
+--------------------+-----------+---------------+----------------------+------------------------+------------+-----------------------------------------------------------+
; Multiplexer Inputs ; Bus Width ; Baseline Area ; Area if Restructured ; Saving if Restructured ; Registered ; Example Multiplexer Output                                ;
+--------------------+-----------+---------------+----------------------+------------------------+------------+-----------------------------------------------------------+
; 7:1                ; 4 bits    ; 16 LEs        ; 16 LEs               ; 0 LEs                  ; No         ; |topBuscaminas|vga:controladorVGA|videoGen:videoGen|r[5]  ;
; 8:1                ; 9 bits    ; 45 LEs        ; 45 LEs               ; 0 LEs                  ; No         ; |topBuscaminas|vga:controladorVGA|videoGen:videoGen|r[3]  ;
; 64:1               ; 3 bits    ; 126 LEs       ; 126 LEs              ; 0 LEs                  ; No         ; |topBuscaminas|vga:controladorVGA|videoGen:videoGen|Mux53 ;
+--------------------+-----------+---------------+----------------------+------------------------+------------+-----------------------------------------------------------+


+---------------------------------------------------------------------------------------+
; Parameter Settings for User Entity Instance: vga:controladorVGA|vgaController:vgaCont ;
+----------------+------------+---------------------------------------------------------+
; Parameter Name ; Value      ; Type                                                    ;
+----------------+------------+---------------------------------------------------------+
; HACTIVE        ; 1010000000 ; Unsigned Binary                                         ;
; HFP            ; 0000010000 ; Unsigned Binary                                         ;
; HSYN           ; 0001100000 ; Unsigned Binary                                         ;
; HBP            ; 0000110000 ; Unsigned Binary                                         ;
; HMAX           ; 1100100000 ; Unsigned Binary                                         ;
; VBP            ; 0000100001 ; Unsigned Binary                                         ;
; VACTIVE        ; 0111100000 ; Unsigned Binary                                         ;
; VFP            ; 0000001010 ; Unsigned Binary                                         ;
; VSYN           ; 0000000010 ; Unsigned Binary                                         ;
; VMAX           ; 1000001101 ; Unsigned Binary                                         ;
+----------------+------------+---------------------------------------------------------+
Note: In order to hide this table in the UI and the text report file, please set the "Show Parameter Settings in Synthesis Report" option in "Analysis and Synthesis Settings -> More Settings" to "Off".


+-----------------------------------------------------------------------------------+
; Parameter Settings for User Entity Instance: vga:controladorVGA|videoGen:videoGen ;
+-------------------+-------+-------------------------------------------------------+
; Parameter Name    ; Value ; Type                                                  ;
+-------------------+-------+-------------------------------------------------------+
; cell_width        ; 60    ; Signed Integer                                        ;
; cell_height       ; 60    ; Signed Integer                                        ;
; line_thickness    ; 2     ; Signed Integer                                        ;
; cell_width_tenth  ; 6     ; Signed Integer                                        ;
; cell_height_tenth ; 6     ; Signed Integer                                        ;
+-------------------+-------+-------------------------------------------------------+
Note: In order to hide this table in the UI and the text report file, please set the "Show Parameter Settings in Synthesis Report" option in "Analysis and Synthesis Settings -> More Settings" to "Off".


+-------------------------------------------------------------------------------------------------------+
; Parameter Settings for Inferred Entity Instance: vga:controladorVGA|videoGen:videoGen|lpm_divide:Div1 ;
+------------------------+----------------+-------------------------------------------------------------+
; Parameter Name         ; Value          ; Type                                                        ;
+------------------------+----------------+-------------------------------------------------------------+
; LPM_WIDTHN             ; 10             ; Untyped                                                     ;
; LPM_WIDTHD             ; 6              ; Untyped                                                     ;
; LPM_NREPRESENTATION    ; UNSIGNED       ; Untyped                                                     ;
; LPM_DREPRESENTATION    ; UNSIGNED       ; Untyped                                                     ;
; LPM_PIPELINE           ; 0              ; Untyped                                                     ;
; LPM_REMAINDERPOSITIVE  ; TRUE           ; Untyped                                                     ;
; MAXIMIZE_SPEED         ; 5              ; Untyped                                                     ;
; CBXI_PARAMETER         ; lpm_divide_gbm ; Untyped                                                     ;
; CARRY_CHAIN            ; MANUAL         ; Untyped                                                     ;
; OPTIMIZE_FOR_SPEED     ; 5              ; Untyped                                                     ;
; AUTO_CARRY_CHAINS      ; ON             ; AUTO_CARRY                                                  ;
; IGNORE_CARRY_BUFFERS   ; OFF            ; IGNORE_CARRY                                                ;
; AUTO_CASCADE_CHAINS    ; ON             ; AUTO_CASCADE                                                ;
; IGNORE_CASCADE_BUFFERS ; OFF            ; IGNORE_CASCADE                                              ;
+------------------------+----------------+-------------------------------------------------------------+
Note: In order to hide this table in the UI and the text report file, please set the "Show Parameter Settings in Synthesis Report" option in "Analysis and Synthesis Settings -> More Settings" to "Off".


+-------------------------------------------------------------------------------------------------------+
; Parameter Settings for Inferred Entity Instance: vga:controladorVGA|videoGen:videoGen|lpm_divide:Div0 ;
+------------------------+----------------+-------------------------------------------------------------+
; Parameter Name         ; Value          ; Type                                                        ;
+------------------------+----------------+-------------------------------------------------------------+
; LPM_WIDTHN             ; 32             ; Untyped                                                     ;
; LPM_WIDTHD             ; 6              ; Untyped                                                     ;
; LPM_NREPRESENTATION    ; UNSIGNED       ; Untyped                                                     ;
; LPM_DREPRESENTATION    ; UNSIGNED       ; Untyped                                                     ;
; LPM_PIPELINE           ; 0              ; Untyped                                                     ;
; LPM_REMAINDERPOSITIVE  ; TRUE           ; Untyped                                                     ;
; MAXIMIZE_SPEED         ; 5              ; Untyped                                                     ;
; CBXI_PARAMETER         ; lpm_divide_kbm ; Untyped                                                     ;
; CARRY_CHAIN            ; MANUAL         ; Untyped                                                     ;
; OPTIMIZE_FOR_SPEED     ; 5              ; Untyped                                                     ;
; AUTO_CARRY_CHAINS      ; ON             ; AUTO_CARRY                                                  ;
; IGNORE_CARRY_BUFFERS   ; OFF            ; IGNORE_CARRY                                                ;
; AUTO_CASCADE_CHAINS    ; ON             ; AUTO_CASCADE                                                ;
; IGNORE_CASCADE_BUFFERS ; OFF            ; IGNORE_CASCADE                                              ;
+------------------------+----------------+-------------------------------------------------------------+
Note: In order to hide this table in the UI and the text report file, please set the "Show Parameter Settings in Synthesis Report" option in "Analysis and Synthesis Settings -> More Settings" to "Off".


+-------------------------------------------------------------------------------------------------------+
; Parameter Settings for Inferred Entity Instance: vga:controladorVGA|videoGen:videoGen|lpm_divide:Mod0 ;
+------------------------+----------------+-------------------------------------------------------------+
; Parameter Name         ; Value          ; Type                                                        ;
+------------------------+----------------+-------------------------------------------------------------+
; LPM_WIDTHN             ; 32             ; Untyped                                                     ;
; LPM_WIDTHD             ; 6              ; Untyped                                                     ;
; LPM_NREPRESENTATION    ; UNSIGNED       ; Untyped                                                     ;
; LPM_DREPRESENTATION    ; UNSIGNED       ; Untyped                                                     ;
; LPM_PIPELINE           ; 0              ; Untyped                                                     ;
; LPM_REMAINDERPOSITIVE  ; TRUE           ; Untyped                                                     ;
; MAXIMIZE_SPEED         ; 5              ; Untyped                                                     ;
; CBXI_PARAMETER         ; lpm_divide_n3m ; Untyped                                                     ;
; CARRY_CHAIN            ; MANUAL         ; Untyped                                                     ;
; OPTIMIZE_FOR_SPEED     ; 5              ; Untyped                                                     ;
; AUTO_CARRY_CHAINS      ; ON             ; AUTO_CARRY                                                  ;
; IGNORE_CARRY_BUFFERS   ; OFF            ; IGNORE_CARRY                                                ;
; AUTO_CASCADE_CHAINS    ; ON             ; AUTO_CASCADE                                                ;
; IGNORE_CASCADE_BUFFERS ; OFF            ; IGNORE_CASCADE                                              ;
+------------------------+----------------+-------------------------------------------------------------+
Note: In order to hide this table in the UI and the text report file, please set the "Show Parameter Settings in Synthesis Report" option in "Analysis and Synthesis Settings -> More Settings" to "Off".


+-------------------------------------------------------------------------------------------------------+
; Parameter Settings for Inferred Entity Instance: vga:controladorVGA|videoGen:videoGen|lpm_divide:Mod1 ;
+------------------------+----------------+-------------------------------------------------------------+
; Parameter Name         ; Value          ; Type                                                        ;
+------------------------+----------------+-------------------------------------------------------------+
; LPM_WIDTHN             ; 10             ; Untyped                                                     ;
; LPM_WIDTHD             ; 6              ; Untyped                                                     ;
; LPM_NREPRESENTATION    ; UNSIGNED       ; Untyped                                                     ;
; LPM_DREPRESENTATION    ; UNSIGNED       ; Untyped                                                     ;
; LPM_PIPELINE           ; 0              ; Untyped                                                     ;
; LPM_REMAINDERPOSITIVE  ; TRUE           ; Untyped                                                     ;
; MAXIMIZE_SPEED         ; 5              ; Untyped                                                     ;
; CBXI_PARAMETER         ; lpm_divide_j3m ; Untyped                                                     ;
; CARRY_CHAIN            ; MANUAL         ; Untyped                                                     ;
; OPTIMIZE_FOR_SPEED     ; 5              ; Untyped                                                     ;
; AUTO_CARRY_CHAINS      ; ON             ; AUTO_CARRY                                                  ;
; IGNORE_CARRY_BUFFERS   ; OFF            ; IGNORE_CARRY                                                ;
; AUTO_CASCADE_CHAINS    ; ON             ; AUTO_CASCADE                                                ;
; IGNORE_CASCADE_BUFFERS ; OFF            ; IGNORE_CASCADE                                              ;
+------------------------+----------------+-------------------------------------------------------------+
Note: In order to hide this table in the UI and the text report file, please set the "Show Parameter Settings in Synthesis Report" option in "Analysis and Synthesis Settings -> More Settings" to "Off".


+----------------------------------------------------------------------------------+
; Port Connectivity Checks: "vga:controladorVGA|videoGen:videoGen|rectgen:rectBG2" ;
+-------------+-------+----------+-------------------------------------------------+
; Port        ; Type  ; Severity ; Details                                         ;
+-------------+-------+----------+-------------------------------------------------+
; left[5..4]  ; Input ; Info     ; Stuck at VCC                                    ;
; left[8..6]  ; Input ; Info     ; Stuck at GND                                    ;
; left[3..0]  ; Input ; Info     ; Stuck at GND                                    ;
; left[9]     ; Input ; Info     ; Stuck at VCC                                    ;
; top         ; Input ; Info     ; Stuck at GND                                    ;
; right[6..0] ; Input ; Info     ; Stuck at GND                                    ;
; right[9]    ; Input ; Info     ; Stuck at VCC                                    ;
; right[8]    ; Input ; Info     ; Stuck at GND                                    ;
; right[7]    ; Input ; Info     ; Stuck at VCC                                    ;
; bot[8..5]   ; Input ; Info     ; Stuck at VCC                                    ;
; bot[4..0]   ; Input ; Info     ; Stuck at GND                                    ;
; bot[9]      ; Input ; Info     ; Stuck at GND                                    ;
+-------------+-------+----------+-------------------------------------------------+


+----------------------------------------------------------------------------------+
; Port Connectivity Checks: "vga:controladorVGA|videoGen:videoGen|rectgen:rectBG1" ;
+-------------+-------+----------+-------------------------------------------------+
; Port        ; Type  ; Severity ; Details                                         ;
+-------------+-------+----------+-------------------------------------------------+
; left        ; Input ; Info     ; Stuck at GND                                    ;
; top         ; Input ; Info     ; Stuck at GND                                    ;
; right[9..7] ; Input ; Info     ; Stuck at GND                                    ;
; right[3..0] ; Input ; Info     ; Stuck at GND                                    ;
; right[6]    ; Input ; Info     ; Stuck at VCC                                    ;
; right[5]    ; Input ; Info     ; Stuck at GND                                    ;
; right[4]    ; Input ; Info     ; Stuck at VCC                                    ;
; bot[8..5]   ; Input ; Info     ; Stuck at VCC                                    ;
; bot[4..0]   ; Input ; Info     ; Stuck at GND                                    ;
; bot[9]      ; Input ; Info     ; Stuck at GND                                    ;
+-------------+-------+----------+-------------------------------------------------+


+------------------------------------------------------------------------------------------------------------------+
; Port Connectivity Checks: "test_matrix:my_board|random_bomb_generator:bomb_gen"                                  ;
+--------+--------+----------+-------------------------------------------------------------------------------------+
; Port   ; Type   ; Severity ; Details                                                                             ;
+--------+--------+----------+-------------------------------------------------------------------------------------+
; row    ; Output ; Info     ; Connected to dangling logic. Logic that only feeds a dangling port will be removed. ;
; column ; Output ; Info     ; Connected to dangling logic. Logic that only feeds a dangling port will be removed. ;
+--------+--------+----------+-------------------------------------------------------------------------------------+


+--------------------------------------------------+
; Port Connectivity Checks: "test_matrix:my_board" ;
+-----------+-------+----------+-------------------+
; Port      ; Type  ; Severity ; Details           ;
+-----------+-------+----------+-------------------+
; bomb_x[2] ; Input ; Info     ; Stuck at GND      ;
; bomb_x[1] ; Input ; Info     ; Stuck at VCC      ;
; bomb_x[0] ; Input ; Info     ; Stuck at GND      ;
; bomb_y[2] ; Input ; Info     ; Stuck at GND      ;
; bomb_y[1] ; Input ; Info     ; Stuck at VCC      ;
; bomb_y[0] ; Input ; Info     ; Stuck at GND      ;
+-----------+-------+----------+-------------------+


+-----------------------------------------------------+
; Post-Synthesis Netlist Statistics for Top Partition ;
+-----------------------+-----------------------------+
; Type                  ; Count                       ;
+-----------------------+-----------------------------+
; arriav_ff             ; 534                         ;
;     CLR               ; 411                         ;
;     ENA               ; 38                          ;
;     ENA SCLR          ; 10                          ;
;     SCLR              ; 10                          ;
;     plain             ; 65                          ;
; arriav_lcell_comb     ; 1272                        ;
;     arith             ; 380                         ;
;         0 data inputs ; 43                          ;
;         1 data inputs ; 216                         ;
;         2 data inputs ; 19                          ;
;         3 data inputs ; 28                          ;
;         4 data inputs ; 74                          ;
;     extend            ; 1                           ;
;         7 data inputs ; 1                           ;
;     normal            ; 891                         ;
;         1 data inputs ; 31                          ;
;         2 data inputs ; 241                         ;
;         3 data inputs ; 50                          ;
;         4 data inputs ; 60                          ;
;         5 data inputs ; 232                         ;
;         6 data inputs ; 277                         ;
; arriav_mac            ; 2                           ;
; boundary_port         ; 53                          ;
;                       ;                             ;
; Max LUT depth         ; 31.20                       ;
; Average LUT depth     ; 11.20                       ;
+-----------------------+-----------------------------+


+-------------------------------+
; Elapsed Time Per Partition    ;
+----------------+--------------+
; Partition Name ; Elapsed Time ;
+----------------+--------------+
; Top            ; 00:00:03     ;
+----------------+--------------+


+-------------------------------+
; Analysis & Synthesis Messages ;
+-------------------------------+
Info: *******************************************************************
Info: Running Quartus Prime Analysis & Synthesis
    Info: Version 22.1std.2 Build 922 07/20/2023 SC Lite Edition
    Info: Processing started: Tue Oct 17 22:38:40 2023
Info: Command: quartus_map --read_settings_files=on --write_settings_files=off buscaminas -c buscaminas
Warning (18236): Number of processors has not been specified which may cause overloading on shared machines.  Set the global assignment NUM_PARALLEL_PROCESSORS in your QSF to an appropriate value for best performance.
Info (20030): Parallel compilation is enabled and will use 6 of the 6 processors detected
Info (12021): Found 1 design units, including 1 entities, in source file vga.sv
    Info (12023): Found entity 1: vga File: D:/TEC/tdd/drayodigital_design-_lab-_2023/laboratorio4/vga.sv Line: 1
Info (12021): Found 1 design units, including 1 entities, in source file vgacontroller.sv
    Info (12023): Found entity 1: vgaController File: D:/TEC/tdd/drayodigital_design-_lab-_2023/laboratorio4/vgaController.sv Line: 3
Info (12021): Found 1 design units, including 1 entities, in source file videogen.sv
    Info (12023): Found entity 1: videoGen File: D:/TEC/tdd/drayodigital_design-_lab-_2023/laboratorio4/videoGen.sv Line: 1
Info (12021): Found 1 design units, including 1 entities, in source file rectgen.sv
    Info (12023): Found entity 1: rectgen File: D:/TEC/tdd/drayodigital_design-_lab-_2023/laboratorio4/rectgen.sv Line: 1
Info (12021): Found 1 design units, including 1 entities, in source file pll.sv
    Info (12023): Found entity 1: pll File: D:/TEC/tdd/drayodigital_design-_lab-_2023/laboratorio4/pll.sv Line: 1
Info (12021): Found 1 design units, including 1 entities, in source file tb_vga.sv
    Info (12023): Found entity 1: tb_vga File: D:/TEC/tdd/drayodigital_design-_lab-_2023/laboratorio4/tb_vga.sv Line: 1
Info (12021): Found 1 design units, including 1 entities, in source file decoder.sv
    Info (12023): Found entity 1: decoder File: D:/TEC/tdd/drayodigital_design-_lab-_2023/laboratorio4/decoder.sv Line: 2
Info (12021): Found 1 design units, including 1 entities, in source file test_matrix.sv
    Info (12023): Found entity 1: test_matrix File: D:/TEC/tdd/drayodigital_design-_lab-_2023/laboratorio4/test_matrix.sv Line: 1
Info (12021): Found 1 design units, including 1 entities, in source file decoder_4bit_7seg.sv
    Info (12023): Found entity 1: decoder_4bit_7seg File: D:/TEC/tdd/drayodigital_design-_lab-_2023/laboratorio4/decoder_4bit_7seg.sv Line: 2
Info (12021): Found 1 design units, including 1 entities, in source file topbuscaminas.sv
    Info (12023): Found entity 1: topBuscaminas File: D:/TEC/tdd/drayodigital_design-_lab-_2023/laboratorio4/topBuscaminas.sv Line: 1
Info (12021): Found 1 design units, including 1 entities, in source file contador_4bits.sv
    Info (12023): Found entity 1: contador_4bits File: D:/TEC/tdd/drayodigital_design-_lab-_2023/laboratorio4/contador_4bits.sv Line: 1
Info (12021): Found 1 design units, including 1 entities, in source file random_bomb_generator.sv
    Info (12023): Found entity 1: random_bomb_generator File: D:/TEC/tdd/drayodigital_design-_lab-_2023/laboratorio4/random_bomb_generator.sv Line: 1
Info (12021): Found 1 design units, including 1 entities, in source file minesboard.sv
    Info (12023): Found entity 1: minesBoard File: D:/TEC/tdd/drayodigital_design-_lab-_2023/laboratorio4/minesBoard.sv Line: 2
Info (12127): Elaborating entity "topBuscaminas" for the top level hierarchy
Warning (10036): Verilog HDL or VHDL warning at topBuscaminas.sv(18): object "bomb_count" assigned a value but never read File: D:/TEC/tdd/drayodigital_design-_lab-_2023/laboratorio4/topBuscaminas.sv Line: 18
Info (10008): Verilog HDL or VHDL information: EDA Netlist Writer cannot regroup multidimensional array "board" into its bus
Info (12128): Elaborating entity "test_matrix" for hierarchy "test_matrix:my_board" File: D:/TEC/tdd/drayodigital_design-_lab-_2023/laboratorio4/topBuscaminas.sv Line: 84
Warning (10036): Verilog HDL or VHDL warning at test_matrix.sv(27): object "prev_selected_x" assigned a value but never read File: D:/TEC/tdd/drayodigital_design-_lab-_2023/laboratorio4/test_matrix.sv Line: 27
Warning (10036): Verilog HDL or VHDL warning at test_matrix.sv(28): object "prev_selected_y" assigned a value but never read File: D:/TEC/tdd/drayodigital_design-_lab-_2023/laboratorio4/test_matrix.sv Line: 28
Warning (10036): Verilog HDL or VHDL warning at test_matrix.sv(32): object "bomb_counter" assigned a value but never read File: D:/TEC/tdd/drayodigital_design-_lab-_2023/laboratorio4/test_matrix.sv Line: 32
Info (10008): Verilog HDL or VHDL information: EDA Netlist Writer cannot regroup multidimensional array "board" into its bus
Info (10008): Verilog HDL or VHDL information: EDA Netlist Writer cannot regroup multidimensional array "real_state" into its bus
Info (10008): Verilog HDL or VHDL information: EDA Netlist Writer cannot regroup multidimensional array "board" into its bus
Info (12128): Elaborating entity "random_bomb_generator" for hierarchy "test_matrix:my_board|random_bomb_generator:bomb_gen" File: D:/TEC/tdd/drayodigital_design-_lab-_2023/laboratorio4/test_matrix.sv Line: 41
Warning (10036): Verilog HDL or VHDL warning at random_bomb_generator.sv(10): object "i" assigned a value but never read File: D:/TEC/tdd/drayodigital_design-_lab-_2023/laboratorio4/random_bomb_generator.sv Line: 10
Info (12128): Elaborating entity "minesBoard" for hierarchy "test_matrix:my_board|minesBoard:mBoard" File: D:/TEC/tdd/drayodigital_design-_lab-_2023/laboratorio4/test_matrix.sv Line: 44
Warning (10230): Verilog HDL assignment warning at minesBoard.sv(18): truncated value with size 4 to match size of target (1) File: D:/TEC/tdd/drayodigital_design-_lab-_2023/laboratorio4/minesBoard.sv Line: 18
Warning (10855): Verilog HDL warning at minesBoard.sv(17): initial value for variable previousTotalMines should be constant File: D:/TEC/tdd/drayodigital_design-_lab-_2023/laboratorio4/minesBoard.sv Line: 17
Warning (10230): Verilog HDL assignment warning at minesBoard.sv(30): truncated value with size 4 to match size of target (1) File: D:/TEC/tdd/drayodigital_design-_lab-_2023/laboratorio4/minesBoard.sv Line: 30
Info (12128): Elaborating entity "vga" for hierarchy "vga:controladorVGA" File: D:/TEC/tdd/drayodigital_design-_lab-_2023/laboratorio4/topBuscaminas.sv Line: 87
Info (10008): Verilog HDL or VHDL information: EDA Netlist Writer cannot regroup multidimensional array "board" into its bus
Info (10008): Verilog HDL or VHDL information: EDA Netlist Writer cannot regroup multidimensional array "board" into its bus
Info (12128): Elaborating entity "pll" for hierarchy "vga:controladorVGA|pll:vgapll" File: D:/TEC/tdd/drayodigital_design-_lab-_2023/laboratorio4/vga.sv Line: 11
Info (12128): Elaborating entity "vgaController" for hierarchy "vga:controladorVGA|vgaController:vgaCont" File: D:/TEC/tdd/drayodigital_design-_lab-_2023/laboratorio4/vga.sv Line: 14
Info (12128): Elaborating entity "videoGen" for hierarchy "vga:controladorVGA|videoGen:videoGen" File: D:/TEC/tdd/drayodigital_design-_lab-_2023/laboratorio4/vga.sv Line: 17
Warning (10230): Verilog HDL assignment warning at videoGen.sv(38): truncated value with size 32 to match size of target (10) File: D:/TEC/tdd/drayodigital_design-_lab-_2023/laboratorio4/videoGen.sv Line: 38
Warning (10230): Verilog HDL assignment warning at videoGen.sv(39): truncated value with size 32 to match size of target (10) File: D:/TEC/tdd/drayodigital_design-_lab-_2023/laboratorio4/videoGen.sv Line: 39
Warning (10230): Verilog HDL assignment warning at videoGen.sv(42): truncated value with size 32 to match size of target (10) File: D:/TEC/tdd/drayodigital_design-_lab-_2023/laboratorio4/videoGen.sv Line: 42
Warning (10230): Verilog HDL assignment warning at videoGen.sv(43): truncated value with size 32 to match size of target (10) File: D:/TEC/tdd/drayodigital_design-_lab-_2023/laboratorio4/videoGen.sv Line: 43
Warning (10270): Verilog HDL Case Statement warning at videoGen.sv(147): incomplete case statement has no default case item File: D:/TEC/tdd/drayodigital_design-_lab-_2023/laboratorio4/videoGen.sv Line: 147
Info (10008): Verilog HDL or VHDL information: EDA Netlist Writer cannot regroup multidimensional array "board" into its bus
Info (10008): Verilog HDL or VHDL information: EDA Netlist Writer cannot regroup multidimensional array "board" into its bus
Info (12128): Elaborating entity "rectgen" for hierarchy "vga:controladorVGA|videoGen:videoGen|rectgen:rectBG1" File: D:/TEC/tdd/drayodigital_design-_lab-_2023/laboratorio4/videoGen.sv Line: 32
Info (12128): Elaborating entity "decoder" for hierarchy "vga:controladorVGA|videoGen:videoGen|decoder:deco" File: D:/TEC/tdd/drayodigital_design-_lab-_2023/laboratorio4/videoGen.sv Line: 53
Info (12128): Elaborating entity "decoder_4bit_7seg" for hierarchy "decoder_4bit_7seg:bombDis" File: D:/TEC/tdd/drayodigital_design-_lab-_2023/laboratorio4/topBuscaminas.sv Line: 90
Info (278001): Inferred 4 megafunctions from design logic
    Info (278004): Inferred divider/modulo megafunction ("lpm_divide") from the following logic: "vga:controladorVGA|videoGen:videoGen|Div1" File: D:/TEC/tdd/drayodigital_design-_lab-_2023/laboratorio4/videoGen.sv Line: 39
    Info (278004): Inferred divider/modulo megafunction ("lpm_divide") from the following logic: "vga:controladorVGA|videoGen:videoGen|Div0" File: D:/TEC/tdd/drayodigital_design-_lab-_2023/laboratorio4/videoGen.sv Line: 38
    Info (278004): Inferred divider/modulo megafunction ("lpm_divide") from the following logic: "vga:controladorVGA|videoGen:videoGen|Mod0" File: D:/TEC/tdd/drayodigital_design-_lab-_2023/laboratorio4/videoGen.sv Line: 142
    Info (278004): Inferred divider/modulo megafunction ("lpm_divide") from the following logic: "vga:controladorVGA|videoGen:videoGen|Mod1" File: D:/TEC/tdd/drayodigital_design-_lab-_2023/laboratorio4/videoGen.sv Line: 142
Info (12130): Elaborated megafunction instantiation "vga:controladorVGA|videoGen:videoGen|lpm_divide:Div1" File: D:/TEC/tdd/drayodigital_design-_lab-_2023/laboratorio4/videoGen.sv Line: 39
Info (12133): Instantiated megafunction "vga:controladorVGA|videoGen:videoGen|lpm_divide:Div1" with the following parameter: File: D:/TEC/tdd/drayodigital_design-_lab-_2023/laboratorio4/videoGen.sv Line: 39
    Info (12134): Parameter "LPM_WIDTHN" = "10"
    Info (12134): Parameter "LPM_WIDTHD" = "6"
    Info (12134): Parameter "LPM_NREPRESENTATION" = "UNSIGNED"
    Info (12134): Parameter "LPM_DREPRESENTATION" = "UNSIGNED"
Info (12021): Found 1 design units, including 1 entities, in source file db/lpm_divide_gbm.tdf
    Info (12023): Found entity 1: lpm_divide_gbm File: D:/TEC/tdd/drayodigital_design-_lab-_2023/laboratorio4/db/lpm_divide_gbm.tdf Line: 25
Info (12021): Found 1 design units, including 1 entities, in source file db/sign_div_unsign_mlh.tdf
    Info (12023): Found entity 1: sign_div_unsign_mlh File: D:/TEC/tdd/drayodigital_design-_lab-_2023/laboratorio4/db/sign_div_unsign_mlh.tdf Line: 25
Info (12021): Found 1 design units, including 1 entities, in source file db/alt_u_div_ive.tdf
    Info (12023): Found entity 1: alt_u_div_ive File: D:/TEC/tdd/drayodigital_design-_lab-_2023/laboratorio4/db/alt_u_div_ive.tdf Line: 23
Info (12130): Elaborated megafunction instantiation "vga:controladorVGA|videoGen:videoGen|lpm_divide:Div0" File: D:/TEC/tdd/drayodigital_design-_lab-_2023/laboratorio4/videoGen.sv Line: 38
Info (12133): Instantiated megafunction "vga:controladorVGA|videoGen:videoGen|lpm_divide:Div0" with the following parameter: File: D:/TEC/tdd/drayodigital_design-_lab-_2023/laboratorio4/videoGen.sv Line: 38
    Info (12134): Parameter "LPM_WIDTHN" = "32"
    Info (12134): Parameter "LPM_WIDTHD" = "6"
    Info (12134): Parameter "LPM_NREPRESENTATION" = "UNSIGNED"
    Info (12134): Parameter "LPM_DREPRESENTATION" = "UNSIGNED"
Info (12021): Found 1 design units, including 1 entities, in source file db/lpm_divide_kbm.tdf
    Info (12023): Found entity 1: lpm_divide_kbm File: D:/TEC/tdd/drayodigital_design-_lab-_2023/laboratorio4/db/lpm_divide_kbm.tdf Line: 25
Info (12021): Found 1 design units, including 1 entities, in source file db/sign_div_unsign_qlh.tdf
    Info (12023): Found entity 1: sign_div_unsign_qlh File: D:/TEC/tdd/drayodigital_design-_lab-_2023/laboratorio4/db/sign_div_unsign_qlh.tdf Line: 25
Info (12021): Found 1 design units, including 1 entities, in source file db/alt_u_div_qve.tdf
    Info (12023): Found entity 1: alt_u_div_qve File: D:/TEC/tdd/drayodigital_design-_lab-_2023/laboratorio4/db/alt_u_div_qve.tdf Line: 23
Info (12130): Elaborated megafunction instantiation "vga:controladorVGA|videoGen:videoGen|lpm_divide:Mod0" File: D:/TEC/tdd/drayodigital_design-_lab-_2023/laboratorio4/videoGen.sv Line: 142
Info (12133): Instantiated megafunction "vga:controladorVGA|videoGen:videoGen|lpm_divide:Mod0" with the following parameter: File: D:/TEC/tdd/drayodigital_design-_lab-_2023/laboratorio4/videoGen.sv Line: 142
    Info (12134): Parameter "LPM_WIDTHN" = "32"
    Info (12134): Parameter "LPM_WIDTHD" = "6"
    Info (12134): Parameter "LPM_NREPRESENTATION" = "UNSIGNED"
    Info (12134): Parameter "LPM_DREPRESENTATION" = "UNSIGNED"
Info (12021): Found 1 design units, including 1 entities, in source file db/lpm_divide_n3m.tdf
    Info (12023): Found entity 1: lpm_divide_n3m File: D:/TEC/tdd/drayodigital_design-_lab-_2023/laboratorio4/db/lpm_divide_n3m.tdf Line: 25
Info (12130): Elaborated megafunction instantiation "vga:controladorVGA|videoGen:videoGen|lpm_divide:Mod1" File: D:/TEC/tdd/drayodigital_design-_lab-_2023/laboratorio4/videoGen.sv Line: 142
Info (12133): Instantiated megafunction "vga:controladorVGA|videoGen:videoGen|lpm_divide:Mod1" with the following parameter: File: D:/TEC/tdd/drayodigital_design-_lab-_2023/laboratorio4/videoGen.sv Line: 142
    Info (12134): Parameter "LPM_WIDTHN" = "10"
    Info (12134): Parameter "LPM_WIDTHD" = "6"
    Info (12134): Parameter "LPM_NREPRESENTATION" = "UNSIGNED"
    Info (12134): Parameter "LPM_DREPRESENTATION" = "UNSIGNED"
Info (12021): Found 1 design units, including 1 entities, in source file db/lpm_divide_j3m.tdf
    Info (12023): Found entity 1: lpm_divide_j3m File: D:/TEC/tdd/drayodigital_design-_lab-_2023/laboratorio4/db/lpm_divide_j3m.tdf Line: 25
Info (286030): Timing-Driven Synthesis is running
Info (17049): 2 registers lost all their fanouts during netlist optimizations.
Info (144001): Generated suppressed messages file D:/TEC/tdd/drayodigital_design-_lab-_2023/laboratorio4/output_files/buscaminas.map.smsg
Info (16010): Generating hard_block partition "hard_block:auto_generated_inst"
    Info (16011): Adding 0 node(s), including 0 DDIO, 0 PLL, 0 transceiver and 0 LCELL
Info (21057): Implemented 1455 device resources after synthesis - the final resource count might be different
    Info (21058): Implemented 10 input pins
    Info (21059): Implemented 43 output pins
    Info (21061): Implemented 1400 logic cells
    Info (21062): Implemented 2 DSP elements
Info: Quartus Prime Analysis & Synthesis was successful. 0 errors, 14 warnings
    Info: Peak virtual memory: 4904 megabytes
    Info: Processing ended: Tue Oct 17 22:38:52 2023
    Info: Elapsed time: 00:00:12
    Info: Total CPU time (on all processors): 00:00:15


+------------------------------------------+
; Analysis & Synthesis Suppressed Messages ;
+------------------------------------------+
The suppressed messages can be found in D:/TEC/tdd/drayodigital_design-_lab-_2023/laboratorio4/output_files/buscaminas.map.smsg.


