Analysis & Synthesis report for buscaminas
Mon Oct  9 18:10:27 2023
Quartus Prime Version 22.1std.2 Build 922 07/20/2023 SC Lite Edition


---------------------
; Table of Contents ;
---------------------
  1. Legal Notice
  2. Analysis & Synthesis Summary
  3. Analysis & Synthesis Settings
  4. Parallel Compilation
  5. Analysis & Synthesis Source Files Read
  6. Analysis & Synthesis Resource Usage Summary
  7. Analysis & Synthesis Resource Utilization by Entity
  8. General Register Statistics
  9. Parameter Settings for User Entity Instance: vgaController:vgaCont
 10. Parameter Settings for Inferred Entity Instance: videoGen:videoGen|lpm_divide:Mod0
 11. Parameter Settings for Inferred Entity Instance: videoGen:videoGen|lpm_divide:Mod1
 12. Port Connectivity Checks: "videoGen:videoGen|rectgen:rectBG2"
 13. Port Connectivity Checks: "videoGen:videoGen|rectgen:rectBG1"
 14. Post-Synthesis Netlist Statistics for Top Partition
 15. Elapsed Time Per Partition
 16. Analysis & Synthesis Messages



----------------
; Legal Notice ;
----------------
Copyright (C) 2023  Intel Corporation. All rights reserved.
Your use of Intel Corporation's design tools, logic functions 
and other software and tools, and any partner logic 
functions, and any output files from any of the foregoing 
(including device programming or simulation files), and any 
associated documentation or information are expressly subject 
to the terms and conditions of the Intel Program License 
Subscription Agreement, the Intel Quartus Prime License Agreement,
the Intel FPGA IP License Agreement, or other applicable license
agreement, including, without limitation, that your use is for
the sole purpose of programming logic devices manufactured by
Intel and sold by Intel or its authorized distributors.  Please
refer to the applicable agreement for further details, at
https://fpgasoftware.intel.com/eula.



+----------------------------------------------------------------------------------+
; Analysis & Synthesis Summary                                                     ;
+---------------------------------+------------------------------------------------+
; Analysis & Synthesis Status     ; Successful - Mon Oct  9 18:10:27 2023          ;
; Quartus Prime Version           ; 22.1std.2 Build 922 07/20/2023 SC Lite Edition ;
; Revision Name                   ; buscaminas                                     ;
; Top-level Entity Name           ; vga                                            ;
; Family                          ; Cyclone V                                      ;
; Logic utilization (in ALMs)     ; N/A                                            ;
; Total registers                 ; 21                                             ;
; Total pins                      ; 30                                             ;
; Total virtual pins              ; 0                                              ;
; Total block memory bits         ; 0                                              ;
; Total DSP Blocks                ; 0                                              ;
; Total HSSI RX PCSs              ; 0                                              ;
; Total HSSI PMA RX Deserializers ; 0                                              ;
; Total HSSI TX PCSs              ; 0                                              ;
; Total HSSI PMA TX Serializers   ; 0                                              ;
; Total PLLs                      ; 0                                              ;
; Total DLLs                      ; 0                                              ;
+---------------------------------+------------------------------------------------+


+---------------------------------------------------------------------------------------------------------------------------+
; Analysis & Synthesis Settings                                                                                             ;
+---------------------------------------------------------------------------------+--------------------+--------------------+
; Option                                                                          ; Setting            ; Default Value      ;
+---------------------------------------------------------------------------------+--------------------+--------------------+
; Device                                                                          ; 5CSEMA5F31C6       ;                    ;
; Top-level entity name                                                           ; vga                ; buscaminas         ;
; Family name                                                                     ; Cyclone V          ; Cyclone V          ;
; Use smart compilation                                                           ; Off                ; Off                ;
; Enable parallel Assembler and Timing Analyzer during compilation                ; On                 ; On                 ;
; Enable compact report table                                                     ; Off                ; Off                ;
; Restructure Multiplexers                                                        ; Auto               ; Auto               ;
; MLAB Add Timing Constraints For Mixed-Port Feed-Through Mode Setting Don't Care ; Off                ; Off                ;
; Create Debugging Nodes for IP Cores                                             ; Off                ; Off                ;
; Preserve fewer node names                                                       ; On                 ; On                 ;
; Intel FPGA IP Evaluation Mode                                                   ; Enable             ; Enable             ;
; Verilog Version                                                                 ; Verilog_2001       ; Verilog_2001       ;
; VHDL Version                                                                    ; VHDL_1993          ; VHDL_1993          ;
; State Machine Processing                                                        ; Auto               ; Auto               ;
; Safe State Machine                                                              ; Off                ; Off                ;
; Extract Verilog State Machines                                                  ; On                 ; On                 ;
; Extract VHDL State Machines                                                     ; On                 ; On                 ;
; Ignore Verilog initial constructs                                               ; Off                ; Off                ;
; Iteration limit for constant Verilog loops                                      ; 5000               ; 5000               ;
; Iteration limit for non-constant Verilog loops                                  ; 250                ; 250                ;
; Add Pass-Through Logic to Inferred RAMs                                         ; On                 ; On                 ;
; Infer RAMs from Raw Logic                                                       ; On                 ; On                 ;
; Parallel Synthesis                                                              ; On                 ; On                 ;
; DSP Block Balancing                                                             ; Auto               ; Auto               ;
; NOT Gate Push-Back                                                              ; On                 ; On                 ;
; Power-Up Don't Care                                                             ; On                 ; On                 ;
; Remove Redundant Logic Cells                                                    ; Off                ; Off                ;
; Remove Duplicate Registers                                                      ; On                 ; On                 ;
; Ignore CARRY Buffers                                                            ; Off                ; Off                ;
; Ignore CASCADE Buffers                                                          ; Off                ; Off                ;
; Ignore GLOBAL Buffers                                                           ; Off                ; Off                ;
; Ignore ROW GLOBAL Buffers                                                       ; Off                ; Off                ;
; Ignore LCELL Buffers                                                            ; Off                ; Off                ;
; Ignore SOFT Buffers                                                             ; On                 ; On                 ;
; Limit AHDL Integers to 32 Bits                                                  ; Off                ; Off                ;
; Optimization Technique                                                          ; Balanced           ; Balanced           ;
; Carry Chain Length                                                              ; 70                 ; 70                 ;
; Auto Carry Chains                                                               ; On                 ; On                 ;
; Auto Open-Drain Pins                                                            ; On                 ; On                 ;
; Perform WYSIWYG Primitive Resynthesis                                           ; Off                ; Off                ;
; Auto ROM Replacement                                                            ; On                 ; On                 ;
; Auto RAM Replacement                                                            ; On                 ; On                 ;
; Auto DSP Block Replacement                                                      ; On                 ; On                 ;
; Auto Shift Register Replacement                                                 ; Auto               ; Auto               ;
; Allow Shift Register Merging across Hierarchies                                 ; Auto               ; Auto               ;
; Auto Clock Enable Replacement                                                   ; On                 ; On                 ;
; Strict RAM Replacement                                                          ; Off                ; Off                ;
; Allow Synchronous Control Signals                                               ; On                 ; On                 ;
; Force Use of Synchronous Clear Signals                                          ; Off                ; Off                ;
; Auto Resource Sharing                                                           ; Off                ; Off                ;
; Allow Any RAM Size For Recognition                                              ; Off                ; Off                ;
; Allow Any ROM Size For Recognition                                              ; Off                ; Off                ;
; Allow Any Shift Register Size For Recognition                                   ; Off                ; Off                ;
; Use LogicLock Constraints during Resource Balancing                             ; On                 ; On                 ;
; Ignore translate_off and synthesis_off directives                               ; Off                ; Off                ;
; Timing-Driven Synthesis                                                         ; On                 ; On                 ;
; Report Parameter Settings                                                       ; On                 ; On                 ;
; Report Source Assignments                                                       ; On                 ; On                 ;
; Report Connectivity Checks                                                      ; On                 ; On                 ;
; Ignore Maximum Fan-Out Assignments                                              ; Off                ; Off                ;
; Synchronization Register Chain Length                                           ; 3                  ; 3                  ;
; Power Optimization During Synthesis                                             ; Normal compilation ; Normal compilation ;
; HDL message level                                                               ; Level2             ; Level2             ;
; Suppress Register Optimization Related Messages                                 ; Off                ; Off                ;
; Number of Removed Registers Reported in Synthesis Report                        ; 5000               ; 5000               ;
; Number of Swept Nodes Reported in Synthesis Report                              ; 5000               ; 5000               ;
; Number of Inverted Registers Reported in Synthesis Report                       ; 100                ; 100                ;
; Clock MUX Protection                                                            ; On                 ; On                 ;
; Auto Gated Clock Conversion                                                     ; Off                ; Off                ;
; Block Design Naming                                                             ; Auto               ; Auto               ;
; SDC constraint protection                                                       ; Off                ; Off                ;
; Synthesis Effort                                                                ; Auto               ; Auto               ;
; Shift Register Replacement - Allow Asynchronous Clear Signal                    ; On                 ; On                 ;
; Pre-Mapping Resynthesis Optimization                                            ; Off                ; Off                ;
; Analysis & Synthesis Message Level                                              ; Medium             ; Medium             ;
; Disable Register Merging Across Hierarchies                                     ; Auto               ; Auto               ;
; Resource Aware Inference For Block RAM                                          ; On                 ; On                 ;
; Automatic Parallel Synthesis                                                    ; On                 ; On                 ;
; Partial Reconfiguration Bitstream ID                                            ; Off                ; Off                ;
+---------------------------------------------------------------------------------+--------------------+--------------------+


+------------------------------------------+
; Parallel Compilation                     ;
+----------------------------+-------------+
; Processors                 ; Number      ;
+----------------------------+-------------+
; Number detected on machine ; 12          ;
; Maximum allowed            ; 6           ;
;                            ;             ;
; Average used               ; 1.00        ;
; Maximum used               ; 6           ;
;                            ;             ;
; Usage by Processor         ; % Time Used ;
;     Processor 1            ; 100.0%      ;
;     Processors 2-6         ;   0.0%      ;
+----------------------------+-------------+


+---------------------------------------------------------------------------------------------------------------------------------------------------------------------------------+
; Analysis & Synthesis Source Files Read                                                                                                                                          ;
+----------------------------------+-----------------+------------------------------+-----------------------------------------------------------------------------------+---------+
; File Name with User-Entered Path ; Used in Netlist ; File Type                    ; File Name with Absolute Path                                                      ; Library ;
+----------------------------------+-----------------+------------------------------+-----------------------------------------------------------------------------------+---------+
; vga.sv                           ; yes             ; User SystemVerilog HDL File  ; D:/TEC/tdd/drayodigital_design-_lab-_2023/laboratorio4/vga.sv                     ;         ;
; vgaController.sv                 ; yes             ; User SystemVerilog HDL File  ; D:/TEC/tdd/drayodigital_design-_lab-_2023/laboratorio4/vgaController.sv           ;         ;
; videoGen.sv                      ; yes             ; User SystemVerilog HDL File  ; D:/TEC/tdd/drayodigital_design-_lab-_2023/laboratorio4/videoGen.sv                ;         ;
; rectgen.sv                       ; yes             ; User SystemVerilog HDL File  ; D:/TEC/tdd/drayodigital_design-_lab-_2023/laboratorio4/rectgen.sv                 ;         ;
; pll.sv                           ; yes             ; User SystemVerilog HDL File  ; D:/TEC/tdd/drayodigital_design-_lab-_2023/laboratorio4/pll.sv                     ;         ;
; lpm_divide.tdf                   ; yes             ; Megafunction                 ; d:/quartuss/quartus/libraries/megafunctions/lpm_divide.tdf                        ;         ;
; abs_divider.inc                  ; yes             ; Megafunction                 ; d:/quartuss/quartus/libraries/megafunctions/abs_divider.inc                       ;         ;
; sign_div_unsign.inc              ; yes             ; Megafunction                 ; d:/quartuss/quartus/libraries/megafunctions/sign_div_unsign.inc                   ;         ;
; aglobal221.inc                   ; yes             ; Megafunction                 ; d:/quartuss/quartus/libraries/megafunctions/aglobal221.inc                        ;         ;
; db/lpm_divide_n3m.tdf            ; yes             ; Auto-Generated Megafunction  ; D:/TEC/tdd/drayodigital_design-_lab-_2023/laboratorio4/db/lpm_divide_n3m.tdf      ;         ;
; db/sign_div_unsign_qlh.tdf       ; yes             ; Auto-Generated Megafunction  ; D:/TEC/tdd/drayodigital_design-_lab-_2023/laboratorio4/db/sign_div_unsign_qlh.tdf ;         ;
; db/alt_u_div_qve.tdf             ; yes             ; Auto-Generated Megafunction  ; D:/TEC/tdd/drayodigital_design-_lab-_2023/laboratorio4/db/alt_u_div_qve.tdf       ;         ;
; db/lpm_divide_j3m.tdf            ; yes             ; Auto-Generated Megafunction  ; D:/TEC/tdd/drayodigital_design-_lab-_2023/laboratorio4/db/lpm_divide_j3m.tdf      ;         ;
; db/sign_div_unsign_mlh.tdf       ; yes             ; Auto-Generated Megafunction  ; D:/TEC/tdd/drayodigital_design-_lab-_2023/laboratorio4/db/sign_div_unsign_mlh.tdf ;         ;
; db/alt_u_div_ive.tdf             ; yes             ; Auto-Generated Megafunction  ; D:/TEC/tdd/drayodigital_design-_lab-_2023/laboratorio4/db/alt_u_div_ive.tdf       ;         ;
+----------------------------------+-----------------+------------------------------+-----------------------------------------------------------------------------------+---------+


+-----------------------------------------------------------------+
; Analysis & Synthesis Resource Usage Summary                     ;
+---------------------------------------------+-------------------+
; Resource                                    ; Usage             ;
+---------------------------------------------+-------------------+
; Estimate of Logic utilization (ALMs needed) ; 133               ;
;                                             ;                   ;
; Combinational ALUT usage for logic          ; 253               ;
;     -- 7 input functions                    ; 2                 ;
;     -- 6 input functions                    ; 11                ;
;     -- 5 input functions                    ; 25                ;
;     -- 4 input functions                    ; 53                ;
;     -- <=3 input functions                  ; 162               ;
;                                             ;                   ;
; Dedicated logic registers                   ; 21                ;
;                                             ;                   ;
; I/O pins                                    ; 30                ;
;                                             ;                   ;
; Total DSP Blocks                            ; 0                 ;
;                                             ;                   ;
; Maximum fan-out node                        ; pll:vgapll|toggle ;
; Maximum fan-out                             ; 22                ;
; Total fan-out                               ; 909               ;
; Average fan-out                             ; 2.72              ;
+---------------------------------------------+-------------------+


+------------------------------------------------------------------------------------------------------------------------------------------------------------------------------------------------------------------------------------------------------------------------------------------------------------------+
; Analysis & Synthesis Resource Utilization by Entity                                                                                                                                                                                                                                                              ;
+-------------------------------------------+---------------------+---------------------------+-------------------+------------+------+--------------+------------------------------------------------------------------------------------------------------------------------+---------------------+--------------+
; Compilation Hierarchy Node                ; Combinational ALUTs ; Dedicated Logic Registers ; Block Memory Bits ; DSP Blocks ; Pins ; Virtual Pins ; Full Hierarchy Name                                                                                                    ; Entity Name         ; Library Name ;
+-------------------------------------------+---------------------+---------------------------+-------------------+------------+------+--------------+------------------------------------------------------------------------------------------------------------------------+---------------------+--------------+
; |vga                                      ; 253 (0)             ; 21 (0)                    ; 0                 ; 0          ; 30   ; 0            ; |vga                                                                                                                   ; vga                 ; work         ;
;    |pll:vgapll|                           ; 1 (1)               ; 1 (1)                     ; 0                 ; 0          ; 0    ; 0            ; |vga|pll:vgapll                                                                                                        ; pll                 ; work         ;
;    |vgaController:vgaCont|                ; 32 (32)             ; 20 (20)                   ; 0                 ; 0          ; 0    ; 0            ; |vga|vgaController:vgaCont                                                                                             ; vgaController       ; work         ;
;    |videoGen:videoGen|                    ; 220 (15)            ; 0 (0)                     ; 0                 ; 0          ; 0    ; 0            ; |vga|videoGen:videoGen                                                                                                 ; videoGen            ; work         ;
;       |lpm_divide:Mod0|                   ; 139 (0)             ; 0 (0)                     ; 0                 ; 0          ; 0    ; 0            ; |vga|videoGen:videoGen|lpm_divide:Mod0                                                                                 ; lpm_divide          ; work         ;
;          |lpm_divide_n3m:auto_generated|  ; 139 (0)             ; 0 (0)                     ; 0                 ; 0          ; 0    ; 0            ; |vga|videoGen:videoGen|lpm_divide:Mod0|lpm_divide_n3m:auto_generated                                                   ; lpm_divide_n3m      ; work         ;
;             |sign_div_unsign_qlh:divider| ; 139 (0)             ; 0 (0)                     ; 0                 ; 0          ; 0    ; 0            ; |vga|videoGen:videoGen|lpm_divide:Mod0|lpm_divide_n3m:auto_generated|sign_div_unsign_qlh:divider                       ; sign_div_unsign_qlh ; work         ;
;                |alt_u_div_qve:divider|    ; 139 (139)           ; 0 (0)                     ; 0                 ; 0          ; 0    ; 0            ; |vga|videoGen:videoGen|lpm_divide:Mod0|lpm_divide_n3m:auto_generated|sign_div_unsign_qlh:divider|alt_u_div_qve:divider ; alt_u_div_qve       ; work         ;
;       |lpm_divide:Mod1|                   ; 65 (0)              ; 0 (0)                     ; 0                 ; 0          ; 0    ; 0            ; |vga|videoGen:videoGen|lpm_divide:Mod1                                                                                 ; lpm_divide          ; work         ;
;          |lpm_divide_j3m:auto_generated|  ; 65 (0)              ; 0 (0)                     ; 0                 ; 0          ; 0    ; 0            ; |vga|videoGen:videoGen|lpm_divide:Mod1|lpm_divide_j3m:auto_generated                                                   ; lpm_divide_j3m      ; work         ;
;             |sign_div_unsign_mlh:divider| ; 65 (0)              ; 0 (0)                     ; 0                 ; 0          ; 0    ; 0            ; |vga|videoGen:videoGen|lpm_divide:Mod1|lpm_divide_j3m:auto_generated|sign_div_unsign_mlh:divider                       ; sign_div_unsign_mlh ; work         ;
;                |alt_u_div_ive:divider|    ; 65 (65)             ; 0 (0)                     ; 0                 ; 0          ; 0    ; 0            ; |vga|videoGen:videoGen|lpm_divide:Mod1|lpm_divide_j3m:auto_generated|sign_div_unsign_mlh:divider|alt_u_div_ive:divider ; alt_u_div_ive       ; work         ;
;       |rectgen:rectBG1|                   ; 1 (1)               ; 0 (0)                     ; 0                 ; 0          ; 0    ; 0            ; |vga|videoGen:videoGen|rectgen:rectBG1                                                                                 ; rectgen             ; work         ;
+-------------------------------------------+---------------------+---------------------------+-------------------+------------+------+--------------+------------------------------------------------------------------------------------------------------------------------+---------------------+--------------+
Note: For table entries with two numbers listed, the numbers in parentheses indicate the number of resources of the given type used by the specific entity alone. The numbers listed outside of parentheses indicate the total resources of the given type used by the specific entity and all of its sub-entities in the hierarchy.


+------------------------------------------------------+
; General Register Statistics                          ;
+----------------------------------------------+-------+
; Statistic                                    ; Value ;
+----------------------------------------------+-------+
; Total registers                              ; 21    ;
; Number of registers using Synchronous Clear  ; 20    ;
; Number of registers using Synchronous Load   ; 0     ;
; Number of registers using Asynchronous Clear ; 0     ;
; Number of registers using Asynchronous Load  ; 0     ;
; Number of registers using Clock Enable       ; 10    ;
; Number of registers using Preset             ; 0     ;
+----------------------------------------------+-------+


+--------------------------------------------------------------------+
; Parameter Settings for User Entity Instance: vgaController:vgaCont ;
+----------------+------------+--------------------------------------+
; Parameter Name ; Value      ; Type                                 ;
+----------------+------------+--------------------------------------+
; HACTIVE        ; 1010000000 ; Unsigned Binary                      ;
; HFP            ; 0000010000 ; Unsigned Binary                      ;
; HSYN           ; 0001100000 ; Unsigned Binary                      ;
; HBP            ; 0000110000 ; Unsigned Binary                      ;
; HMAX           ; 1100100000 ; Unsigned Binary                      ;
; VBP            ; 0000100001 ; Unsigned Binary                      ;
; VACTIVE        ; 0111100000 ; Unsigned Binary                      ;
; VFP            ; 0000001010 ; Unsigned Binary                      ;
; VSYN           ; 0000000010 ; Unsigned Binary                      ;
; VMAX           ; 1000001101 ; Unsigned Binary                      ;
+----------------+------------+--------------------------------------+
Note: In order to hide this table in the UI and the text report file, please set the "Show Parameter Settings in Synthesis Report" option in "Analysis and Synthesis Settings -> More Settings" to "Off".


+------------------------------------------------------------------------------------+
; Parameter Settings for Inferred Entity Instance: videoGen:videoGen|lpm_divide:Mod0 ;
+------------------------+----------------+------------------------------------------+
; Parameter Name         ; Value          ; Type                                     ;
+------------------------+----------------+------------------------------------------+
; LPM_WIDTHN             ; 32             ; Untyped                                  ;
; LPM_WIDTHD             ; 6              ; Untyped                                  ;
; LPM_NREPRESENTATION    ; UNSIGNED       ; Untyped                                  ;
; LPM_DREPRESENTATION    ; UNSIGNED       ; Untyped                                  ;
; LPM_PIPELINE           ; 0              ; Untyped                                  ;
; LPM_REMAINDERPOSITIVE  ; TRUE           ; Untyped                                  ;
; MAXIMIZE_SPEED         ; 5              ; Untyped                                  ;
; CBXI_PARAMETER         ; lpm_divide_n3m ; Untyped                                  ;
; CARRY_CHAIN            ; MANUAL         ; Untyped                                  ;
; OPTIMIZE_FOR_SPEED     ; 5              ; Untyped                                  ;
; AUTO_CARRY_CHAINS      ; ON             ; AUTO_CARRY                               ;
; IGNORE_CARRY_BUFFERS   ; OFF            ; IGNORE_CARRY                             ;
; AUTO_CASCADE_CHAINS    ; ON             ; AUTO_CASCADE                             ;
; IGNORE_CASCADE_BUFFERS ; OFF            ; IGNORE_CASCADE                           ;
+------------------------+----------------+------------------------------------------+
Note: In order to hide this table in the UI and the text report file, please set the "Show Parameter Settings in Synthesis Report" option in "Analysis and Synthesis Settings -> More Settings" to "Off".


+------------------------------------------------------------------------------------+
; Parameter Settings for Inferred Entity Instance: videoGen:videoGen|lpm_divide:Mod1 ;
+------------------------+----------------+------------------------------------------+
; Parameter Name         ; Value          ; Type                                     ;
+------------------------+----------------+------------------------------------------+
; LPM_WIDTHN             ; 10             ; Untyped                                  ;
; LPM_WIDTHD             ; 6              ; Untyped                                  ;
; LPM_NREPRESENTATION    ; UNSIGNED       ; Untyped                                  ;
; LPM_DREPRESENTATION    ; UNSIGNED       ; Untyped                                  ;
; LPM_PIPELINE           ; 0              ; Untyped                                  ;
; LPM_REMAINDERPOSITIVE  ; TRUE           ; Untyped                                  ;
; MAXIMIZE_SPEED         ; 5              ; Untyped                                  ;
; CBXI_PARAMETER         ; lpm_divide_j3m ; Untyped                                  ;
; CARRY_CHAIN            ; MANUAL         ; Untyped                                  ;
; OPTIMIZE_FOR_SPEED     ; 5              ; Untyped                                  ;
; AUTO_CARRY_CHAINS      ; ON             ; AUTO_CARRY                               ;
; IGNORE_CARRY_BUFFERS   ; OFF            ; IGNORE_CARRY                             ;
; AUTO_CASCADE_CHAINS    ; ON             ; AUTO_CASCADE                             ;
; IGNORE_CASCADE_BUFFERS ; OFF            ; IGNORE_CASCADE                           ;
+------------------------+----------------+------------------------------------------+
Note: In order to hide this table in the UI and the text report file, please set the "Show Parameter Settings in Synthesis Report" option in "Analysis and Synthesis Settings -> More Settings" to "Off".


+---------------------------------------------------------------+
; Port Connectivity Checks: "videoGen:videoGen|rectgen:rectBG2" ;
+-------------+-------+----------+------------------------------+
; Port        ; Type  ; Severity ; Details                      ;
+-------------+-------+----------+------------------------------+
; left[5..4]  ; Input ; Info     ; Stuck at VCC                 ;
; left[8..6]  ; Input ; Info     ; Stuck at GND                 ;
; left[3..0]  ; Input ; Info     ; Stuck at GND                 ;
; left[9]     ; Input ; Info     ; Stuck at VCC                 ;
; top         ; Input ; Info     ; Stuck at GND                 ;
; right[6..0] ; Input ; Info     ; Stuck at GND                 ;
; right[9]    ; Input ; Info     ; Stuck at VCC                 ;
; right[8]    ; Input ; Info     ; Stuck at GND                 ;
; right[7]    ; Input ; Info     ; Stuck at VCC                 ;
; bot[8..5]   ; Input ; Info     ; Stuck at VCC                 ;
; bot[4..0]   ; Input ; Info     ; Stuck at GND                 ;
; bot[9]      ; Input ; Info     ; Stuck at GND                 ;
+-------------+-------+----------+------------------------------+


+---------------------------------------------------------------+
; Port Connectivity Checks: "videoGen:videoGen|rectgen:rectBG1" ;
+-------------+-------+----------+------------------------------+
; Port        ; Type  ; Severity ; Details                      ;
+-------------+-------+----------+------------------------------+
; left        ; Input ; Info     ; Stuck at GND                 ;
; top         ; Input ; Info     ; Stuck at GND                 ;
; right[9..7] ; Input ; Info     ; Stuck at GND                 ;
; right[3..0] ; Input ; Info     ; Stuck at GND                 ;
; right[6]    ; Input ; Info     ; Stuck at VCC                 ;
; right[5]    ; Input ; Info     ; Stuck at GND                 ;
; right[4]    ; Input ; Info     ; Stuck at VCC                 ;
; bot[8..5]   ; Input ; Info     ; Stuck at VCC                 ;
; bot[4..0]   ; Input ; Info     ; Stuck at GND                 ;
; bot[9]      ; Input ; Info     ; Stuck at GND                 ;
+-------------+-------+----------+------------------------------+


+-----------------------------------------------------+
; Post-Synthesis Netlist Statistics for Top Partition ;
+-----------------------+-----------------------------+
; Type                  ; Count                       ;
+-----------------------+-----------------------------+
; arriav_ff             ; 21                          ;
;     ENA SCLR          ; 10                          ;
;     SCLR              ; 10                          ;
;     plain             ; 1                           ;
; arriav_lcell_comb     ; 255                         ;
;     arith             ; 138                         ;
;         0 data inputs ; 19                          ;
;         1 data inputs ; 61                          ;
;         2 data inputs ; 7                           ;
;         3 data inputs ; 14                          ;
;         4 data inputs ; 37                          ;
;     extend            ; 2                           ;
;         7 data inputs ; 2                           ;
;     normal            ; 115                         ;
;         0 data inputs ; 1                           ;
;         1 data inputs ; 2                           ;
;         2 data inputs ; 54                          ;
;         3 data inputs ; 6                           ;
;         4 data inputs ; 16                          ;
;         5 data inputs ; 25                          ;
;         6 data inputs ; 11                          ;
; boundary_port         ; 30                          ;
;                       ;                             ;
; Max LUT depth         ; 25.90                       ;
; Average LUT depth     ; 18.04                       ;
+-----------------------+-----------------------------+


+-------------------------------+
; Elapsed Time Per Partition    ;
+----------------+--------------+
; Partition Name ; Elapsed Time ;
+----------------+--------------+
; Top            ; 00:00:02     ;
+----------------+--------------+


+-------------------------------+
; Analysis & Synthesis Messages ;
+-------------------------------+
Info: *******************************************************************
Info: Running Quartus Prime Analysis & Synthesis
    Info: Version 22.1std.2 Build 922 07/20/2023 SC Lite Edition
    Info: Processing started: Mon Oct  9 18:10:18 2023
Info: Command: quartus_map --read_settings_files=on --write_settings_files=off buscaminas -c buscaminas
Warning (18236): Number of processors has not been specified which may cause overloading on shared machines.  Set the global assignment NUM_PARALLEL_PROCESSORS in your QSF to an appropriate value for best performance.
Info (20030): Parallel compilation is enabled and will use 6 of the 6 processors detected
Info (12021): Found 1 design units, including 1 entities, in source file vga.sv
    Info (12023): Found entity 1: vga File: D:/TEC/tdd/drayodigital_design-_lab-_2023/laboratorio4/vga.sv Line: 1
Info (12021): Found 1 design units, including 1 entities, in source file vgacontroller.sv
    Info (12023): Found entity 1: vgaController File: D:/TEC/tdd/drayodigital_design-_lab-_2023/laboratorio4/vgaController.sv Line: 1
Info (12021): Found 1 design units, including 1 entities, in source file videogen.sv
    Info (12023): Found entity 1: videoGen File: D:/TEC/tdd/drayodigital_design-_lab-_2023/laboratorio4/videoGen.sv Line: 1
Info (12021): Found 1 design units, including 1 entities, in source file rectgen.sv
    Info (12023): Found entity 1: rectgen File: D:/TEC/tdd/drayodigital_design-_lab-_2023/laboratorio4/rectgen.sv Line: 1
Info (12021): Found 1 design units, including 1 entities, in source file pll.sv
    Info (12023): Found entity 1: pll File: D:/TEC/tdd/drayodigital_design-_lab-_2023/laboratorio4/pll.sv Line: 1
Info (12021): Found 1 design units, including 1 entities, in source file tb_vga.sv
    Info (12023): Found entity 1: tb_vga File: D:/TEC/tdd/drayodigital_design-_lab-_2023/laboratorio4/tb_vga.sv Line: 1
Info (12127): Elaborating entity "vga" for the top level hierarchy
Info (12128): Elaborating entity "pll" for hierarchy "pll:vgapll" File: D:/TEC/tdd/drayodigital_design-_lab-_2023/laboratorio4/vga.sv Line: 13
Info (12128): Elaborating entity "vgaController" for hierarchy "vgaController:vgaCont" File: D:/TEC/tdd/drayodigital_design-_lab-_2023/laboratorio4/vga.sv Line: 15
Info (12128): Elaborating entity "videoGen" for hierarchy "videoGen:videoGen" File: D:/TEC/tdd/drayodigital_design-_lab-_2023/laboratorio4/vga.sv Line: 17
Info (12128): Elaborating entity "rectgen" for hierarchy "videoGen:videoGen|rectgen:rectBG1" File: D:/TEC/tdd/drayodigital_design-_lab-_2023/laboratorio4/videoGen.sv Line: 7
Info (278001): Inferred 2 megafunctions from design logic
    Info (278004): Inferred divider/modulo megafunction ("lpm_divide") from the following logic: "videoGen:videoGen|Mod0" File: D:/TEC/tdd/drayodigital_design-_lab-_2023/laboratorio4/videoGen.sv Line: 13
    Info (278004): Inferred divider/modulo megafunction ("lpm_divide") from the following logic: "videoGen:videoGen|Mod1" File: D:/TEC/tdd/drayodigital_design-_lab-_2023/laboratorio4/videoGen.sv Line: 13
Info (12130): Elaborated megafunction instantiation "videoGen:videoGen|lpm_divide:Mod0" File: D:/TEC/tdd/drayodigital_design-_lab-_2023/laboratorio4/videoGen.sv Line: 13
Info (12133): Instantiated megafunction "videoGen:videoGen|lpm_divide:Mod0" with the following parameter: File: D:/TEC/tdd/drayodigital_design-_lab-_2023/laboratorio4/videoGen.sv Line: 13
    Info (12134): Parameter "LPM_WIDTHN" = "32"
    Info (12134): Parameter "LPM_WIDTHD" = "6"
    Info (12134): Parameter "LPM_NREPRESENTATION" = "UNSIGNED"
    Info (12134): Parameter "LPM_DREPRESENTATION" = "UNSIGNED"
Info (12021): Found 1 design units, including 1 entities, in source file db/lpm_divide_n3m.tdf
    Info (12023): Found entity 1: lpm_divide_n3m File: D:/TEC/tdd/drayodigital_design-_lab-_2023/laboratorio4/db/lpm_divide_n3m.tdf Line: 25
Info (12021): Found 1 design units, including 1 entities, in source file db/sign_div_unsign_qlh.tdf
    Info (12023): Found entity 1: sign_div_unsign_qlh File: D:/TEC/tdd/drayodigital_design-_lab-_2023/laboratorio4/db/sign_div_unsign_qlh.tdf Line: 25
Info (12021): Found 1 design units, including 1 entities, in source file db/alt_u_div_qve.tdf
    Info (12023): Found entity 1: alt_u_div_qve File: D:/TEC/tdd/drayodigital_design-_lab-_2023/laboratorio4/db/alt_u_div_qve.tdf Line: 23
Info (12130): Elaborated megafunction instantiation "videoGen:videoGen|lpm_divide:Mod1" File: D:/TEC/tdd/drayodigital_design-_lab-_2023/laboratorio4/videoGen.sv Line: 13
Info (12133): Instantiated megafunction "videoGen:videoGen|lpm_divide:Mod1" with the following parameter: File: D:/TEC/tdd/drayodigital_design-_lab-_2023/laboratorio4/videoGen.sv Line: 13
    Info (12134): Parameter "LPM_WIDTHN" = "10"
    Info (12134): Parameter "LPM_WIDTHD" = "6"
    Info (12134): Parameter "LPM_NREPRESENTATION" = "UNSIGNED"
    Info (12134): Parameter "LPM_DREPRESENTATION" = "UNSIGNED"
Info (12021): Found 1 design units, including 1 entities, in source file db/lpm_divide_j3m.tdf
    Info (12023): Found entity 1: lpm_divide_j3m File: D:/TEC/tdd/drayodigital_design-_lab-_2023/laboratorio4/db/lpm_divide_j3m.tdf Line: 25
Info (12021): Found 1 design units, including 1 entities, in source file db/sign_div_unsign_mlh.tdf
    Info (12023): Found entity 1: sign_div_unsign_mlh File: D:/TEC/tdd/drayodigital_design-_lab-_2023/laboratorio4/db/sign_div_unsign_mlh.tdf Line: 25
Info (12021): Found 1 design units, including 1 entities, in source file db/alt_u_div_ive.tdf
    Info (12023): Found entity 1: alt_u_div_ive File: D:/TEC/tdd/drayodigital_design-_lab-_2023/laboratorio4/db/alt_u_div_ive.tdf Line: 23
Warning (13024): Output pins are stuck at VCC or GND
    Warning (13410): Pin "r[2]" is stuck at GND File: D:/TEC/tdd/drayodigital_design-_lab-_2023/laboratorio4/vga.sv Line: 5
    Warning (13410): Pin "r[5]" is stuck at GND File: D:/TEC/tdd/drayodigital_design-_lab-_2023/laboratorio4/vga.sv Line: 5
    Warning (13410): Pin "g[5]" is stuck at GND File: D:/TEC/tdd/drayodigital_design-_lab-_2023/laboratorio4/vga.sv Line: 5
    Warning (13410): Pin "b[5]" is stuck at GND File: D:/TEC/tdd/drayodigital_design-_lab-_2023/laboratorio4/vga.sv Line: 5
Info (286030): Timing-Driven Synthesis is running
Info (16010): Generating hard_block partition "hard_block:auto_generated_inst"
    Info (16011): Adding 0 node(s), including 0 DDIO, 0 PLL, 0 transceiver and 0 LCELL
Info (21057): Implemented 303 device resources after synthesis - the final resource count might be different
    Info (21058): Implemented 1 input pins
    Info (21059): Implemented 29 output pins
    Info (21061): Implemented 273 logic cells
Info: Quartus Prime Analysis & Synthesis was successful. 0 errors, 6 warnings
    Info: Peak virtual memory: 4880 megabytes
    Info: Processing ended: Mon Oct  9 18:10:27 2023
    Info: Elapsed time: 00:00:09
    Info: Total CPU time (on all processors): 00:00:12


