------------------------------------------------------------
Timing Analyzer Summary
------------------------------------------------------------

Type  : Slow 1100mV 85C Model Setup 'clk'
Slack : -3.566
TNS   : -3.566

Type  : Slow 1100mV 85C Model Setup 'pll:vgapll|toggle'
Slack : -3.229
TNS   : -68.305

Type  : Slow 1100mV 85C Model Hold 'pll:vgapll|toggle'
Slack : 0.684
TNS   : 0.000

Type  : Slow 1100mV 85C Model Hold 'clk'
Slack : 1.361
TNS   : 0.000

Type  : Slow 1100mV 85C Model Minimum Pulse Width 'clk'
Slack : -0.798
TNS   : -1.366

Type  : Slow 1100mV 85C Model Minimum Pulse Width 'pll:vgapll|toggle'
Slack : -0.394
TNS   : -11.414

Type  : Slow 1100mV 0C Model Setup 'clk'
Slack : -3.529
TNS   : -3.529

Type  : Slow 1100mV 0C Model Setup 'pll:vgapll|toggle'
Slack : -3.259
TNS   : -68.236

Type  : Slow 1100mV 0C Model Hold 'pll:vgapll|toggle'
Slack : 0.678
TNS   : 0.000

Type  : Slow 1100mV 0C Model Hold 'clk'
Slack : 1.379
TNS   : 0.000

Type  : Slow 1100mV 0C Model Minimum Pulse Width 'clk'
Slack : -0.809
TNS   : -1.413

Type  : Slow 1100mV 0C Model Minimum Pulse Width 'pll:vgapll|toggle'
Slack : -0.394
TNS   : -11.343

Type  : Fast 1100mV 85C Model Setup 'clk'
Slack : -2.768
TNS   : -2.768

Type  : Fast 1100mV 85C Model Setup 'pll:vgapll|toggle'
Slack : -1.479
TNS   : -30.219

Type  : Fast 1100mV 85C Model Hold 'pll:vgapll|toggle'
Slack : 0.355
TNS   : 0.000

Type  : Fast 1100mV 85C Model Hold 'clk'
Slack : 1.348
TNS   : 0.000

Type  : Fast 1100mV 85C Model Minimum Pulse Width 'clk'
Slack : -0.696
TNS   : -1.044

Type  : Fast 1100mV 85C Model Minimum Pulse Width 'pll:vgapll|toggle'
Slack : 0.138
TNS   : 0.000

Type  : Fast 1100mV 0C Model Setup 'clk'
Slack : -2.429
TNS   : -2.429

Type  : Fast 1100mV 0C Model Setup 'pll:vgapll|toggle'
Slack : -1.329
TNS   : -27.147

Type  : Fast 1100mV 0C Model Hold 'pll:vgapll|toggle'
Slack : 0.323
TNS   : 0.000

Type  : Fast 1100mV 0C Model Hold 'clk'
Slack : 1.126
TNS   : 0.000

Type  : Fast 1100mV 0C Model Minimum Pulse Width 'clk'
Slack : -0.687
TNS   : -1.034

Type  : Fast 1100mV 0C Model Minimum Pulse Width 'pll:vgapll|toggle'
Slack : 0.141
TNS   : 0.000

------------------------------------------------------------
